Jan 29 20:51:13 cu-cs-vm rsyslogd: [origin software="rsyslogd" swVersion="8.16.0" x-pid="796" x-info="http://www.rsyslog.com"] rsyslogd was HUPed
Jan 29 20:51:15 cu-cs-vm anacron[816]: Job `cron.daily' terminated
Jan 29 20:51:15 cu-cs-vm anacron[816]: Normal exit (1 job run)
Jan 29 20:54:00 cu-cs-vm vboxadd.sh: Building Guest Additions kernel modules.
Jan 29 20:54:01 cu-cs-vm kernel: [  472.731927] SGI XFS with ACLs, security attributes, realtime, no debug enabled
Jan 29 20:54:01 cu-cs-vm kernel: [  472.764221] JFS: nTxBlock = 8192, nTxLock = 65536
Jan 29 20:54:01 cu-cs-vm kernel: [  472.788768] ntfs: driver 2.1.32 [Flags: R/O MODULE].
Jan 29 20:54:01 cu-cs-vm kernel: [  472.840246] QNX4 filesystem 0.2.3 registered.
Jan 29 20:54:07 cu-cs-vm systemd[1]: Stopping Daemon for generating UUIDs...
Jan 29 20:54:07 cu-cs-vm systemd[1]: Stopping Daemon for power management...
Jan 29 20:54:07 cu-cs-vm dbus[864]: [system] Activating via systemd: service name='org.freedesktop.UPower' unit='upower.service'
Jan 29 20:54:07 cu-cs-vm systemd[1]: Stopping Save/Restore Sound Card State...
Jan 29 20:54:07 cu-cs-vm systemd[1]: Stopped target Timers.
Jan 29 20:54:07 cu-cs-vm systemd[1]: Stopped Daily apt activities.
Jan 29 20:54:07 cu-cs-vm systemd[1]: Closed Load/Save RF Kill Switch Status /dev/rfkill Watch.
Jan 29 20:54:07 cu-cs-vm systemd[1]: Stopping User Manager for UID 1000...
Jan 29 20:54:07 cu-cs-vm systemd[1]: Stopped target Sound Card.
Jan 29 20:54:07 cu-cs-vm systemd[1]: Stopped target Graphical Interface.
Jan 29 20:54:07 cu-cs-vm systemd[1]: Stopped target Multi-User System.
Jan 29 20:54:07 cu-cs-vm systemd[1]: Stopped Initialize hardware monitoring sensors.
Jan 29 20:54:07 cu-cs-vm systemd[1]: Stopping uptime record daemon...
Jan 29 20:54:07 cu-cs-vm systemd[1]: Stopping vboxadd-x11.service...
Jan 29 20:54:07 cu-cs-vm systemd[1]: Stopping crash report submission daemon...
Jan 29 20:54:07 cu-cs-vm systemd[1]: Stopped Timer to automatically refresh installed snaps.
Jan 29 20:54:07 cu-cs-vm systemd[1]: Stopped target System Time Synchronized.
Jan 29 20:54:07 cu-cs-vm systemd[1]: Stopping Modem Manager...
Jan 29 20:54:07 cu-cs-vm ModemManager[736]: <info>  Caught signal, shutting down...
Jan 29 20:54:07 cu-cs-vm systemd[1]: Stopping Regular background program processing daemon...
Jan 29 20:51:13 cu-cs-vm rsyslogd: [origin software="rsyslogd" swVersion="8.16.0" x-pid="796" x-info="http://www.rsyslog.com"] rsyslogd was HUPed
Jan 29 20:54:07 cu-cs-vm rsyslogd: [origin software="rsyslogd" swVersion="8.16.0" x-pid="796" x-info="http://www.rsyslog.com"] exiting on signal 15.
Jan 29 20:54:18 cu-cs-vm rsyslogd: [origin software="rsyslogd" swVersion="8.16.0" x-pid="721" x-info="http://www.rsyslog.com"] start
Jan 29 20:54:18 cu-cs-vm rsyslogd-2222: command 'KLogPermitNonKernelFacility' is currently not permitted - did you already set it via a RainerScript command (v6+ config)? [v8.16.0 try http://www.rsyslog.com/e/2222 ]
Jan 29 20:54:18 cu-cs-vm rsyslogd: rsyslogd's groupid changed to 108
Jan 29 20:54:18 cu-cs-vm rsyslogd: rsyslogd's userid changed to 104
Jan 29 20:54:18 cu-cs-vm rsyslogd-2039: Could not open output pipe '/dev/xconsole':: No such file or directory [v8.16.0 try http://www.rsyslog.com/e/2039 ]
Jan 29 20:54:18 cu-cs-vm rsyslogd-2007: action 'action 10' suspended, next retry is Sun Jan 29 20:54:48 2017 [v8.16.0 try http://www.rsyslog.com/e/2007 ]
Jan 29 20:54:18 cu-cs-vm kernel: [    0.000000] Initializing cgroup subsys cpuset
Jan 29 20:54:18 cu-cs-vm kernel: [    0.000000] Initializing cgroup subsys cpu
Jan 29 20:54:18 cu-cs-vm kernel: [    0.000000] Initializing cgroup subsys cpuacct
Jan 29 20:54:18 cu-cs-vm kernel: [    0.000000] Linux version 4.4.35DylanKernel (root@cu-cs-vm) (gcc version 5.4.0 20160609 (Ubuntu 5.4.0-6ubuntu1~16.04.4) ) #2 SMP Tue Jan 24 20:18:19 MST 2017 (Ubuntu 4.4.0-59.80-generic 4.4.35)
Jan 29 20:54:18 cu-cs-vm kernel: [    0.000000] Command line: BOOT_IMAGE=/@/boot/vmlinuz-4.4.35DylanKernel root=UUID=cdc63320-d9b3-4941-85c9-01e6f9786fb3 ro rootflags=subvol=@ crashkernel=384M-:128M
Jan 29 20:54:18 cu-cs-vm kernel: [    0.000000] KERNEL supported cpus:
Jan 29 20:54:18 cu-cs-vm kernel: [    0.000000]   Intel GenuineIntel
Jan 29 20:54:18 cu-cs-vm kernel: [    0.000000]   AMD AuthenticAMD
Jan 29 20:54:18 cu-cs-vm kernel: [    0.000000]   Centaur CentaurHauls
Jan 29 20:54:18 cu-cs-vm kernel: [    0.000000] x86/fpu: xstate_offset[2]:  576, xstate_sizes[2]:  256
Jan 29 20:54:18 cu-cs-vm kernel: [    0.000000] x86/fpu: Supporting XSAVE feature 0x01: 'x87 floating point registers'
Jan 29 20:54:18 cu-cs-vm kernel: [    0.000000] x86/fpu: Supporting XSAVE feature 0x02: 'SSE registers'
Jan 29 20:54:18 cu-cs-vm kernel: [    0.000000] x86/fpu: Supporting XSAVE feature 0x04: 'AVX registers'
Jan 29 20:54:18 cu-cs-vm kernel: [    0.000000] x86/fpu: Enabled xstate features 0x7, context size is 832 bytes, using 'standard' format.
Jan 29 20:54:18 cu-cs-vm kernel: [    0.000000] x86/fpu: Using 'lazy' FPU context switches.
Jan 29 20:54:18 cu-cs-vm kernel: [    0.000000] e820: BIOS-provided physical RAM map:
Jan 29 20:54:18 cu-cs-vm kernel: [    0.000000] BIOS-e820: [mem 0x0000000000000000-0x000000000009fbff] usable
Jan 29 20:54:18 cu-cs-vm kernel: [    0.000000] BIOS-e820: [mem 0x000000000009fc00-0x000000000009ffff] reserved
Jan 29 20:54:18 cu-cs-vm kernel: [    0.000000] BIOS-e820: [mem 0x00000000000f0000-0x00000000000fffff] reserved
Jan 29 20:54:18 cu-cs-vm kernel: [    0.000000] BIOS-e820: [mem 0x0000000000100000-0x00000000dbfeffff] usable
Jan 29 20:54:18 cu-cs-vm kernel: [    0.000000] BIOS-e820: [mem 0x00000000dbff0000-0x00000000dbffffff] ACPI data
Jan 29 20:54:18 cu-cs-vm kernel: [    0.000000] BIOS-e820: [mem 0x00000000fec00000-0x00000000fec00fff] reserved
Jan 29 20:54:18 cu-cs-vm kernel: [    0.000000] BIOS-e820: [mem 0x00000000fee00000-0x00000000fee00fff] reserved
Jan 29 20:54:18 cu-cs-vm kernel: [    0.000000] BIOS-e820: [mem 0x00000000fffc0000-0x00000000ffffffff] reserved
Jan 29 20:54:18 cu-cs-vm kernel: [    0.000000] BIOS-e820: [mem 0x0000000100000000-0x0000000123ffffff] usable
Jan 29 20:54:18 cu-cs-vm kernel: [    0.000000] NX (Execute Disable) protection: active
Jan 29 20:54:18 cu-cs-vm kernel: [    0.000000] SMBIOS 2.5 present.
Jan 29 20:54:18 cu-cs-vm kernel: [    0.000000] DMI: innotek GmbH VirtualBox/VirtualBox, BIOS VirtualBox 12/01/2006
Jan 29 20:54:18 cu-cs-vm kernel: [    0.000000] Hypervisor detected: KVM
Jan 29 20:54:18 cu-cs-vm kernel: [    0.000000] e820: update [mem 0x00000000-0x00000fff] usable ==> reserved
Jan 29 20:54:18 cu-cs-vm kernel: [    0.000000] e820: remove [mem 0x000a0000-0x000fffff] usable
Jan 29 20:54:18 cu-cs-vm kernel: [    0.000000] e820: last_pfn = 0x124000 max_arch_pfn = 0x400000000
Jan 29 20:54:18 cu-cs-vm kernel: [    0.000000] MTRR default type: uncachable
Jan 29 20:54:18 cu-cs-vm kernel: [    0.000000] MTRR variable ranges disabled:
Jan 29 20:54:18 cu-cs-vm kernel: [    0.000000] MTRR: Disabled
Jan 29 20:54:18 cu-cs-vm kernel: [    0.000000] x86/PAT: MTRRs disabled, skipping PAT initialization too.
Jan 29 20:54:18 cu-cs-vm kernel: [    0.000000] x86/PAT: Configuration [0-7]: WB  WT  UC- UC  WB  WT  UC- UC  
Jan 29 20:54:18 cu-cs-vm kernel: [    0.000000] CPU MTRRs all blank - virtualized system.
Jan 29 20:54:18 cu-cs-vm kernel: [    0.000000] e820: last_pfn = 0xdbff0 max_arch_pfn = 0x400000000
Jan 29 20:54:18 cu-cs-vm kernel: [    0.000000] found SMP MP-table at [mem 0x0009fff0-0x0009ffff] mapped at [ffff88000009fff0]
Jan 29 20:54:18 cu-cs-vm kernel: [    0.000000] Scanning 1 areas for low memory corruption
Jan 29 20:54:18 cu-cs-vm kernel: [    0.000000] Base memory trampoline at [ffff880000099000] 99000 size 24576
Jan 29 20:54:18 cu-cs-vm kernel: [    0.000000] BRK [0x02205000, 0x02205fff] PGTABLE
Jan 29 20:54:18 cu-cs-vm kernel: [    0.000000] BRK [0x02206000, 0x02206fff] PGTABLE
Jan 29 20:54:18 cu-cs-vm kernel: [    0.000000] BRK [0x02207000, 0x02207fff] PGTABLE
Jan 29 20:54:18 cu-cs-vm kernel: [    0.000000] BRK [0x02208000, 0x02208fff] PGTABLE
Jan 29 20:54:18 cu-cs-vm kernel: [    0.000000] RAMDISK: [mem 0x323c4000-0x351d9fff]
Jan 29 20:54:18 cu-cs-vm kernel: [    0.000000] ACPI: Early table checksum verification disabled
Jan 29 20:54:18 cu-cs-vm kernel: [    0.000000] ACPI: RSDP 0x00000000000E0000 000024 (v02 VBOX  )
Jan 29 20:54:18 cu-cs-vm kernel: [    0.000000] ACPI: XSDT 0x00000000DBFF0040 00004C (v01 VBOX   VBOXXSDT 00000001 ASL  00000061)
Jan 29 20:54:18 cu-cs-vm kernel: [    0.000000] ACPI: FACP 0x00000000DBFF0110 0000F4 (v04 VBOX   VBOXFACP 00000001 ASL  00000061)
Jan 29 20:54:18 cu-cs-vm kernel: [    0.000000] ACPI: DSDT 0x00000000DBFF0530 00210F (v01 VBOX   VBOXBIOS 00000002 INTL 20100528)
Jan 29 20:54:18 cu-cs-vm kernel: [    0.000000] ACPI: FACS 0x00000000DBFF0240 000040
Jan 29 20:54:18 cu-cs-vm kernel: [    0.000000] ACPI: FACS 0x00000000DBFF0240 000040
Jan 29 20:54:18 cu-cs-vm kernel: [    0.000000] ACPI: APIC 0x00000000DBFF0280 00005C (v02 VBOX   VBOXAPIC 00000001 ASL  00000061)
Jan 29 20:54:18 cu-cs-vm kernel: [    0.000000] ACPI: HPET 0x00000000DBFF02E0 000038 (v01 VBOX   VBOXHPET 00000001 ASL  00000061)
Jan 29 20:54:18 cu-cs-vm kernel: [    0.000000] ACPI: MCFG 0x00000000DBFF0320 00003C (v01 VBOX   VBOXMCFG 00000001 ASL  00000061)
Jan 29 20:54:18 cu-cs-vm kernel: [    0.000000] ACPI: SSDT 0x00000000DBFF0360 0001CC (v01 VBOX   VBOXCPUT 00000002 INTL 20100528)
Jan 29 20:54:18 cu-cs-vm kernel: [    0.000000] ACPI: Local APIC address 0xfee00000
Jan 29 20:54:18 cu-cs-vm kernel: [    0.000000] No NUMA configuration found
Jan 29 20:54:18 cu-cs-vm kernel: [    0.000000] Faking a node at [mem 0x0000000000000000-0x0000000123ffffff]
Jan 29 20:54:18 cu-cs-vm kernel: [    0.000000] NODE_DATA(0) allocated [mem 0x123ff7000-0x123ffbfff]
Jan 29 20:54:18 cu-cs-vm kernel: [    0.000000] Reserving 128MB of memory at 672MB for crashkernel (System RAM: 4095MB)
Jan 29 20:54:18 cu-cs-vm kernel: [    0.000000] kvm-clock: Using msrs 4b564d01 and 4b564d00
Jan 29 20:54:18 cu-cs-vm kernel: [    0.000000] kvm-clock: cpu 0, msr 1:23fef001, primary cpu clock
Jan 29 20:54:18 cu-cs-vm kernel: [    0.000000] kvm-clock: using sched offset of 493512212986 cycles
Jan 29 20:54:18 cu-cs-vm kernel: [    0.000000] clocksource: kvm-clock: mask: 0xffffffffffffffff max_cycles: 0x1cd42e4dffb, max_idle_ns: 881590591483 ns
Jan 29 20:54:18 cu-cs-vm kernel: [    0.000000] Zone ranges:
Jan 29 20:54:18 cu-cs-vm kernel: [    0.000000]   DMA      [mem 0x0000000000001000-0x0000000000ffffff]
Jan 29 20:54:18 cu-cs-vm kernel: [    0.000000]   DMA32    [mem 0x0000000001000000-0x00000000ffffffff]
Jan 29 20:54:18 cu-cs-vm kernel: [    0.000000]   Normal   [mem 0x0000000100000000-0x0000000123ffffff]
Jan 29 20:54:18 cu-cs-vm kernel: [    0.000000]   Device   empty
Jan 29 20:54:18 cu-cs-vm kernel: [    0.000000] Movable zone start for each node
Jan 29 20:54:18 cu-cs-vm kernel: [    0.000000] Early memory node ranges
Jan 29 20:54:18 cu-cs-vm kernel: [    0.000000]   node   0: [mem 0x0000000000001000-0x000000000009efff]
Jan 29 20:54:18 cu-cs-vm kernel: [    0.000000]   node   0: [mem 0x0000000000100000-0x00000000dbfeffff]
Jan 29 20:54:18 cu-cs-vm kernel: [    0.000000]   node   0: [mem 0x0000000100000000-0x0000000123ffffff]
Jan 29 20:54:18 cu-cs-vm kernel: [    0.000000] Initmem setup node 0 [mem 0x0000000000001000-0x0000000123ffffff]
Jan 29 20:54:18 cu-cs-vm kernel: [    0.000000] On node 0 totalpages: 1048462
Jan 29 20:54:18 cu-cs-vm kernel: [    0.000000]   DMA zone: 64 pages used for memmap
Jan 29 20:54:18 cu-cs-vm kernel: [    0.000000]   DMA zone: 21 pages reserved
Jan 29 20:54:18 cu-cs-vm kernel: [    0.000000]   DMA zone: 3998 pages, LIFO batch:0
Jan 29 20:54:18 cu-cs-vm kernel: [    0.000000]   DMA32 zone: 14016 pages used for memmap
Jan 29 20:54:18 cu-cs-vm kernel: [    0.000000]   DMA32 zone: 897008 pages, LIFO batch:31
Jan 29 20:54:18 cu-cs-vm kernel: [    0.000000]   Normal zone: 2304 pages used for memmap
Jan 29 20:54:18 cu-cs-vm kernel: [    0.000000]   Normal zone: 147456 pages, LIFO batch:31
Jan 29 20:54:18 cu-cs-vm kernel: [    0.000000] ACPI: PM-Timer IO Port: 0x4008
Jan 29 20:54:18 cu-cs-vm kernel: [    0.000000] ACPI: Local APIC address 0xfee00000
Jan 29 20:54:18 cu-cs-vm kernel: [    0.000000] IOAPIC[0]: apic_id 2, version 32, address 0xfec00000, GSI 0-23
Jan 29 20:54:18 cu-cs-vm kernel: [    0.000000] ACPI: INT_SRC_OVR (bus 0 bus_irq 0 global_irq 2 dfl dfl)
Jan 29 20:54:18 cu-cs-vm kernel: [    0.000000] ACPI: INT_SRC_OVR (bus 0 bus_irq 9 global_irq 9 high level)
Jan 29 20:54:18 cu-cs-vm kernel: [    0.000000] ACPI: IRQ0 used by override.
Jan 29 20:54:18 cu-cs-vm kernel: [    0.000000] ACPI: IRQ9 used by override.
Jan 29 20:54:18 cu-cs-vm kernel: [    0.000000] Using ACPI (MADT) for SMP configuration information
Jan 29 20:54:18 cu-cs-vm kernel: [    0.000000] ACPI: HPET id: 0x8086a201 base: 0xfed00000
Jan 29 20:54:18 cu-cs-vm kernel: [    0.000000] smpboot: Allowing 2 CPUs, 0 hotplug CPUs
Jan 29 20:54:18 cu-cs-vm kernel: [    0.000000] PM: Registered nosave memory: [mem 0x00000000-0x00000fff]
Jan 29 20:54:18 cu-cs-vm kernel: [    0.000000] PM: Registered nosave memory: [mem 0x0009f000-0x0009ffff]
Jan 29 20:54:18 cu-cs-vm kernel: [    0.000000] PM: Registered nosave memory: [mem 0x000a0000-0x000effff]
Jan 29 20:54:18 cu-cs-vm kernel: [    0.000000] PM: Registered nosave memory: [mem 0x000f0000-0x000fffff]
Jan 29 20:54:18 cu-cs-vm kernel: [    0.000000] PM: Registered nosave memory: [mem 0xdbff0000-0xdbffffff]
Jan 29 20:54:18 cu-cs-vm kernel: [    0.000000] PM: Registered nosave memory: [mem 0xdc000000-0xfebfffff]
Jan 29 20:54:18 cu-cs-vm kernel: [    0.000000] PM: Registered nosave memory: [mem 0xfec00000-0xfec00fff]
Jan 29 20:54:18 cu-cs-vm kernel: [    0.000000] PM: Registered nosave memory: [mem 0xfec01000-0xfedfffff]
Jan 29 20:54:18 cu-cs-vm kernel: [    0.000000] PM: Registered nosave memory: [mem 0xfee00000-0xfee00fff]
Jan 29 20:54:18 cu-cs-vm kernel: [    0.000000] PM: Registered nosave memory: [mem 0xfee01000-0xfffbffff]
Jan 29 20:54:18 cu-cs-vm kernel: [    0.000000] PM: Registered nosave memory: [mem 0xfffc0000-0xffffffff]
Jan 29 20:54:18 cu-cs-vm kernel: [    0.000000] e820: [mem 0xdc000000-0xfebfffff] available for PCI devices
Jan 29 20:54:18 cu-cs-vm kernel: [    0.000000] Booting paravirtualized kernel on KVM
Jan 29 20:54:18 cu-cs-vm kernel: [    0.000000] clocksource: refined-jiffies: mask: 0xffffffff max_cycles: 0xffffffff, max_idle_ns: 7645519600211568 ns
Jan 29 20:54:18 cu-cs-vm kernel: [    0.000000] setup_percpu: NR_CPUS:512 nr_cpumask_bits:512 nr_cpu_ids:2 nr_node_ids:1
Jan 29 20:54:18 cu-cs-vm kernel: [    0.000000] PERCPU: Embedded 33 pages/cpu @ffff880123c00000 s98200 r8192 d28776 u1048576
Jan 29 20:54:18 cu-cs-vm kernel: [    0.000000] pcpu-alloc: s98200 r8192 d28776 u1048576 alloc=1*2097152
Jan 29 20:54:18 cu-cs-vm kernel: [    0.000000] pcpu-alloc: [0] 0 1 
Jan 29 20:54:18 cu-cs-vm kernel: [    0.000000] PV qspinlock hash table entries: 256 (order: 0, 4096 bytes)
Jan 29 20:54:18 cu-cs-vm kernel: [    0.000000] Built 1 zonelists in Node order, mobility grouping on.  Total pages: 1032057
Jan 29 20:54:18 cu-cs-vm kernel: [    0.000000] Policy zone: Normal
Jan 29 20:54:18 cu-cs-vm kernel: [    0.000000] Kernel command line: BOOT_IMAGE=/@/boot/vmlinuz-4.4.35DylanKernel root=UUID=cdc63320-d9b3-4941-85c9-01e6f9786fb3 ro rootflags=subvol=@ crashkernel=384M-:128M
Jan 29 20:54:18 cu-cs-vm kernel: [    0.000000] PID hash table entries: 4096 (order: 3, 32768 bytes)
Jan 29 20:54:18 cu-cs-vm kernel: [    0.000000] Calgary: detecting Calgary via BIOS EBDA area
Jan 29 20:54:18 cu-cs-vm kernel: [    0.000000] Calgary: Unable to locate Rio Grande table in EBDA - bailing!
Jan 29 20:54:18 cu-cs-vm kernel: [    0.000000] Memory: 3862804K/4193848K available (8251K kernel code, 1277K rwdata, 3808K rodata, 1480K init, 1316K bss, 331044K reserved, 0K cma-reserved)
Jan 29 20:54:18 cu-cs-vm kernel: [    0.000000] SLUB: HWalign=64, Order=0-3, MinObjects=0, CPUs=2, Nodes=1
Jan 29 20:54:18 cu-cs-vm kernel: [    0.000000] Hierarchical RCU implementation.
Jan 29 20:54:18 cu-cs-vm kernel: [    0.000000] 	Build-time adjustment of leaf fanout to 64.
Jan 29 20:54:18 cu-cs-vm kernel: [    0.000000] 	RCU restricting CPUs from NR_CPUS=512 to nr_cpu_ids=2.
Jan 29 20:54:18 cu-cs-vm kernel: [    0.000000] RCU: Adjusting geometry for rcu_fanout_leaf=64, nr_cpu_ids=2
Jan 29 20:54:18 cu-cs-vm kernel: [    0.000000] NR_IRQS:33024 nr_irqs:440 16
Jan 29 20:54:18 cu-cs-vm kernel: [    0.000000] Console: colour VGA+ 80x25
Jan 29 20:54:18 cu-cs-vm kernel: [    0.000000] console [tty0] enabled
Jan 29 20:54:18 cu-cs-vm kernel: [    0.000000] clocksource: hpet: mask: 0xffffffff max_cycles: 0xffffffff, max_idle_ns: 133484882848 ns
Jan 29 20:54:18 cu-cs-vm kernel: [    0.000000] hpet clockevent registered
Jan 29 20:54:18 cu-cs-vm kernel: [    0.000000] tsc: Detected 2592.000 MHz processor
Jan 29 20:54:18 cu-cs-vm kernel: [    0.107615] Calibrating delay loop (skipped) preset value.. 5184.00 BogoMIPS (lpj=10368000)
Jan 29 20:54:18 cu-cs-vm kernel: [    0.108278] pid_max: default: 32768 minimum: 301
Jan 29 20:54:18 cu-cs-vm kernel: [    0.108633] ACPI: Core revision 20150930
Jan 29 20:54:18 cu-cs-vm kernel: [    0.109859] ACPI: 2 ACPI AML tables successfully acquired and loaded
Jan 29 20:54:18 cu-cs-vm kernel: [    0.110355] Security Framework initialized
Jan 29 20:54:18 cu-cs-vm kernel: [    0.110668] Yama: becoming mindful.
Jan 29 20:54:18 cu-cs-vm kernel: [    0.110976] AppArmor: AppArmor initialized
Jan 29 20:54:18 cu-cs-vm kernel: [    0.111825] Dentry cache hash table entries: 524288 (order: 10, 4194304 bytes)
Jan 29 20:54:18 cu-cs-vm kernel: [    0.113443] Inode-cache hash table entries: 262144 (order: 9, 2097152 bytes)
Jan 29 20:54:18 cu-cs-vm kernel: [    0.114089] Mount-cache hash table entries: 8192 (order: 4, 65536 bytes)
Jan 29 20:54:18 cu-cs-vm kernel: [    0.114471] Mountpoint-cache hash table entries: 8192 (order: 4, 65536 bytes)
Jan 29 20:54:18 cu-cs-vm kernel: [    0.115048] Initializing cgroup subsys io
Jan 29 20:54:18 cu-cs-vm kernel: [    0.115364] Initializing cgroup subsys memory
Jan 29 20:54:18 cu-cs-vm kernel: [    0.115687] Initializing cgroup subsys devices
Jan 29 20:54:18 cu-cs-vm kernel: [    0.116009] Initializing cgroup subsys freezer
Jan 29 20:54:18 cu-cs-vm kernel: [    0.116406] Initializing cgroup subsys net_cls
Jan 29 20:54:18 cu-cs-vm kernel: [    0.116753] Initializing cgroup subsys perf_event
Jan 29 20:54:18 cu-cs-vm kernel: [    0.117171] Initializing cgroup subsys net_prio
Jan 29 20:54:18 cu-cs-vm kernel: [    0.117717] Initializing cgroup subsys hugetlb
Jan 29 20:54:18 cu-cs-vm kernel: [    0.118041] Initializing cgroup subsys pids
Jan 29 20:54:18 cu-cs-vm kernel: [    0.118567] CPU: Physical Processor ID: 0
Jan 29 20:54:18 cu-cs-vm kernel: [    0.118945] CPU: Processor Core ID: 0
Jan 29 20:54:18 cu-cs-vm kernel: [    0.120295] mce: CPU supports 0 MCE banks
Jan 29 20:54:18 cu-cs-vm kernel: [    0.120624] Last level iTLB entries: 4KB 64, 2MB 8, 4MB 8
Jan 29 20:54:18 cu-cs-vm kernel: [    0.120968] Last level dTLB entries: 4KB 64, 2MB 0, 4MB 0, 1GB 4
Jan 29 20:54:18 cu-cs-vm kernel: [    0.123076] Freeing SMP alternatives memory: 28K (ffffffff820b3000 - ffffffff820ba000)
Jan 29 20:54:18 cu-cs-vm kernel: [    0.131161] ftrace: allocating 31311 entries in 123 pages
Jan 29 20:54:18 cu-cs-vm kernel: [    0.171391] smpboot: APIC(0) Converting physical 0 to logical package 0
Jan 29 20:54:18 cu-cs-vm kernel: [    0.171789] smpboot: Max logical packages: 1
Jan 29 20:54:18 cu-cs-vm kernel: [    0.172375] x2apic enabled
Jan 29 20:54:18 cu-cs-vm kernel: [    0.172897] Switched APIC routing to physical x2apic.
Jan 29 20:54:18 cu-cs-vm kernel: [    0.174286] ..TIMER: vector=0x30 apic1=0 pin1=2 apic2=-1 pin2=-1
Jan 29 20:54:18 cu-cs-vm kernel: [    0.280563] smpboot: CPU0: Intel(R) Core(TM) i7-6700HQ CPU @ 2.60GHz (family: 0x6, model: 0x5e, stepping: 0x3)
Jan 29 20:54:18 cu-cs-vm kernel: [    0.281372] Performance Events: unsupported p6 CPU model 94 no PMU driver, software events only.
Jan 29 20:54:18 cu-cs-vm kernel: [    0.282111] KVM setup paravirtual spinlock
Jan 29 20:54:18 cu-cs-vm kernel: [    0.283262] x86: Booting SMP configuration:
Jan 29 20:54:18 cu-cs-vm kernel: [    0.283594] .... node  #0, CPUs:      #1
Jan 29 20:54:18 cu-cs-vm kernel: [    0.284051] kvm-clock: cpu 1, msr 1:23fef041, secondary cpu clock
Jan 29 20:54:18 cu-cs-vm kernel: [    0.285551] mce: CPU supports 0 MCE banks
Jan 29 20:54:18 cu-cs-vm kernel: [    0.287614] x86: Booted up 1 node, 2 CPUs
Jan 29 20:54:18 cu-cs-vm kernel: [    0.288880] smpboot: Total of 2 processors activated (10368.00 BogoMIPS)
Jan 29 20:54:18 cu-cs-vm kernel: [    0.289636] devtmpfs: initialized
Jan 29 20:54:18 cu-cs-vm kernel: [    0.291534] evm: security.selinux
Jan 29 20:54:18 cu-cs-vm kernel: [    0.291964] evm: security.SMACK64
Jan 29 20:54:18 cu-cs-vm kernel: [    0.292267] evm: security.SMACK64EXEC
Jan 29 20:54:18 cu-cs-vm kernel: [    0.292592] evm: security.SMACK64TRANSMUTE
Jan 29 20:54:18 cu-cs-vm kernel: [    0.292912] evm: security.SMACK64MMAP
Jan 29 20:54:18 cu-cs-vm kernel: [    0.293221] evm: security.ima
Jan 29 20:54:18 cu-cs-vm kernel: [    0.293513] evm: security.capability
Jan 29 20:54:18 cu-cs-vm kernel: [    0.294014] clocksource: jiffies: mask: 0xffffffff max_cycles: 0xffffffff, max_idle_ns: 7645041785100000 ns
Jan 29 20:54:18 cu-cs-vm kernel: [    0.294804] pinctrl core: initialized pinctrl subsystem
Jan 29 20:54:18 cu-cs-vm kernel: [    0.295275] RTC time:  3:54:14, date: 01/30/17
Jan 29 20:54:18 cu-cs-vm kernel: [    0.295684] NET: Registered protocol family 16
Jan 29 20:54:18 cu-cs-vm kernel: [    0.304086] cpuidle: using governor ladder
Jan 29 20:54:18 cu-cs-vm kernel: [    0.316727] cpuidle: using governor menu
Jan 29 20:54:18 cu-cs-vm kernel: [    0.317065] PCCT header not found.
Jan 29 20:54:18 cu-cs-vm kernel: [    0.317449] ACPI: bus type PCI registered
Jan 29 20:54:18 cu-cs-vm kernel: [    0.317771] acpiphp: ACPI Hot Plug PCI Controller Driver version: 0.5
Jan 29 20:54:18 cu-cs-vm kernel: [    0.318254] PCI: MMCONFIG for domain 0000 [bus 00-3f] at [mem 0xdc000000-0xdfffffff] (base 0xdc000000)
Jan 29 20:54:18 cu-cs-vm kernel: [    0.318943] PCI: not using MMCONFIG
Jan 29 20:54:18 cu-cs-vm kernel: [    0.319251] PCI: Using configuration type 1 for base access
Jan 29 20:54:18 cu-cs-vm kernel: [    0.334331] ACPI: Added _OSI(Module Device)
Jan 29 20:54:18 cu-cs-vm kernel: [    0.334680] ACPI: Added _OSI(Processor Device)
Jan 29 20:54:18 cu-cs-vm kernel: [    0.335044] ACPI: Added _OSI(3.0 _SCP Extensions)
Jan 29 20:54:18 cu-cs-vm kernel: [    0.335385] ACPI: Added _OSI(Processor Aggregator Device)
Jan 29 20:54:18 cu-cs-vm kernel: [    0.336618] ACPI: Executed 1 blocks of module-level executable AML code
Jan 29 20:54:18 cu-cs-vm kernel: [    0.339464] ACPI: Interpreter enabled
Jan 29 20:54:18 cu-cs-vm kernel: [    0.348885] ACPI: (supports S0 S5)
Jan 29 20:54:18 cu-cs-vm kernel: [    0.349196] ACPI: Using IOAPIC for interrupt routing
Jan 29 20:54:18 cu-cs-vm kernel: [    0.349790] PCI: MMCONFIG for domain 0000 [bus 00-3f] at [mem 0xdc000000-0xdfffffff] (base 0xdc000000)
Jan 29 20:54:18 cu-cs-vm kernel: [    0.350659] PCI: MMCONFIG at [mem 0xdc000000-0xdfffffff] reserved in ACPI motherboard resources
Jan 29 20:54:18 cu-cs-vm kernel: [    0.351335] PCI: Using host bridge windows from ACPI; if necessary, use "pci=nocrs" and report a bug
Jan 29 20:54:18 cu-cs-vm kernel: [    0.355391] ACPI: PCI Root Bridge [PCI0] (domain 0000 [bus 00-ff])
Jan 29 20:54:18 cu-cs-vm kernel: [    0.355775] acpi PNP0A03:00: _OSC: OS supports [ExtendedConfig ASPM ClockPM Segments MSI]
Jan 29 20:54:18 cu-cs-vm kernel: [    0.356391] acpi PNP0A03:00: _OSC failed (AE_NOT_FOUND); disabling ASPM
Jan 29 20:54:18 cu-cs-vm kernel: [    0.356801] acpi PNP0A03:00: [Firmware Info]: MMCONFIG for domain 0000 [bus 00-3f] only partially covers this bridge
Jan 29 20:54:18 cu-cs-vm kernel: [    0.357936] PCI host bridge to bus 0000:00
Jan 29 20:54:18 cu-cs-vm kernel: [    0.358409] pci_bus 0000:00: root bus resource [io  0x0000-0x0cf7 window]
Jan 29 20:54:18 cu-cs-vm kernel: [    0.359050] pci_bus 0000:00: root bus resource [io  0x0d00-0xffff window]
Jan 29 20:54:18 cu-cs-vm kernel: [    0.360142] pci_bus 0000:00: root bus resource [mem 0x000a0000-0x000bffff window]
Jan 29 20:54:18 cu-cs-vm kernel: [    0.360731] pci_bus 0000:00: root bus resource [mem 0xdc000000-0xffdfffff window]
Jan 29 20:54:18 cu-cs-vm kernel: [    0.361319] pci_bus 0000:00: root bus resource [bus 00-ff]
Jan 29 20:54:18 cu-cs-vm kernel: [    0.361723] pci 0000:00:02.0: [80ee:beef] type 00 class 0x030000
Jan 29 20:54:18 cu-cs-vm kernel: [    0.364714] pci 0000:00:02.0: reg 0x10: [mem 0xe0000000-0xe3ffffff pref]
Jan 29 20:54:18 cu-cs-vm kernel: [    0.386660] pci 0000:00:03.0: [8086:100e] type 00 class 0x020000
Jan 29 20:54:18 cu-cs-vm kernel: [    0.390915] pci 0000:00:03.0: reg 0x10: [mem 0xe4000000-0xe401ffff]
Jan 29 20:54:18 cu-cs-vm kernel: [    0.398014] pci 0000:00:03.0: reg 0x18: [io  0xd000-0xd007]
Jan 29 20:54:18 cu-cs-vm kernel: [    0.408724] pci 0000:00:04.0: [80ee:cafe] type 00 class 0x088000
Jan 29 20:54:18 cu-cs-vm kernel: [    0.411813] pci 0000:00:04.0: reg 0x10: [io  0xd020-0xd03f]
Jan 29 20:54:18 cu-cs-vm kernel: [    0.414228] pci 0000:00:04.0: reg 0x14: [mem 0xe4400000-0xe47fffff]
Jan 29 20:54:18 cu-cs-vm kernel: [    0.416319] pci 0000:00:04.0: reg 0x18: [mem 0xe4800000-0xe4803fff pref]
Jan 29 20:54:18 cu-cs-vm kernel: [    0.424741] pci 0000:00:05.0: [8086:2415] type 00 class 0x040100
Jan 29 20:54:18 cu-cs-vm kernel: [    0.424841] pci 0000:00:05.0: reg 0x10: [io  0xd100-0xd1ff]
Jan 29 20:54:18 cu-cs-vm kernel: [    0.424906] pci 0000:00:05.0: reg 0x14: [io  0xd200-0xd23f]
Jan 29 20:54:18 cu-cs-vm kernel: [    0.425352] pci 0000:00:07.0: [8086:7113] type 00 class 0x068000
Jan 29 20:54:18 cu-cs-vm kernel: [    0.425763] pci 0000:00:07.0: quirk: [io  0x4000-0x403f] claimed by PIIX4 ACPI
Jan 29 20:54:18 cu-cs-vm kernel: [    0.426369] pci 0000:00:07.0: quirk: [io  0x4100-0x410f] claimed by PIIX4 SMB
Jan 29 20:54:18 cu-cs-vm kernel: [    0.427021] pci 0000:00:18.0: [8086:2448] type 01 class 0x060401
Jan 29 20:54:18 cu-cs-vm kernel: [    0.427356] pci 0000:00:19.0: [8086:2448] type 01 class 0x060401
Jan 29 20:54:18 cu-cs-vm kernel: [    0.427722] pci 0000:00:1f.0: [8086:27b9] type 00 class 0x060100
Jan 29 20:54:18 cu-cs-vm kernel: [    0.428130] pci 0000:00:1f.0: quirk: [io  0x8000-0x807f] claimed by ICH6 ACPI/GPIO/TCO
Jan 29 20:54:18 cu-cs-vm kernel: [    0.428958] pci 0000:00:1f.2: [8086:2829] type 00 class 0x010601
Jan 29 20:54:18 cu-cs-vm kernel: [    0.431164] pci 0000:00:1f.2: reg 0x10: [io  0xd240-0xd247]
Jan 29 20:54:18 cu-cs-vm kernel: [    0.433258] pci 0000:00:1f.2: reg 0x14: [io  0xd248-0xd24b]
Jan 29 20:54:18 cu-cs-vm kernel: [    0.437115] pci 0000:00:1f.2: reg 0x18: [io  0xd250-0xd257]
Jan 29 20:54:18 cu-cs-vm kernel: [    0.439519] pci 0000:00:1f.2: reg 0x1c: [io  0xd258-0xd25b]
Jan 29 20:54:18 cu-cs-vm kernel: [    0.441516] pci 0000:00:1f.2: reg 0x20: [io  0xd260-0xd26f]
Jan 29 20:54:18 cu-cs-vm kernel: [    0.443620] pci 0000:00:1f.2: reg 0x24: [mem 0xe4804000-0xe4805fff]
Jan 29 20:54:18 cu-cs-vm kernel: [    0.445915] pci 0000:00:1f.4: [106b:003f] type 00 class 0x0c0310
Jan 29 20:54:18 cu-cs-vm kernel: [    0.447779] pci 0000:00:1f.4: reg 0x10: [mem 0xe4806000-0xe4806fff]
Jan 29 20:54:18 cu-cs-vm kernel: [    0.467744] pci 0000:00:18.0: bridge configuration invalid ([bus 01-01]), reconfiguring
Jan 29 20:54:18 cu-cs-vm kernel: [    0.468600] pci 0000:00:19.0: bridge configuration invalid ([bus 02-02]), reconfiguring
Jan 29 20:54:18 cu-cs-vm kernel: [    0.469548] pci 0000:00:18.0: PCI bridge to [bus 01-ff] (subtractive decode)
Jan 29 20:54:18 cu-cs-vm kernel: [    0.469994] pci 0000:00:18.0:   bridge window [io  0x0000-0x0cf7 window] (subtractive decode)
Jan 29 20:54:18 cu-cs-vm kernel: [    0.469996] pci 0000:00:18.0:   bridge window [io  0x0d00-0xffff window] (subtractive decode)
Jan 29 20:54:18 cu-cs-vm kernel: [    0.469998] pci 0000:00:18.0:   bridge window [mem 0x000a0000-0x000bffff window] (subtractive decode)
Jan 29 20:54:18 cu-cs-vm kernel: [    0.470000] pci 0000:00:18.0:   bridge window [mem 0xdc000000-0xffdfffff window] (subtractive decode)
Jan 29 20:54:18 cu-cs-vm kernel: [    0.470004] pci_bus 0000:01: busn_res: [bus 01-ff] end is updated to 01
Jan 29 20:54:18 cu-cs-vm kernel: [    0.470321] pci 0000:00:19.0: PCI bridge to [bus 02-ff] (subtractive decode)
Jan 29 20:54:18 cu-cs-vm kernel: [    0.470767] pci 0000:00:19.0:   bridge window [io  0x0000-0x0cf7 window] (subtractive decode)
Jan 29 20:54:18 cu-cs-vm kernel: [    0.470769] pci 0000:00:19.0:   bridge window [io  0x0d00-0xffff window] (subtractive decode)
Jan 29 20:54:18 cu-cs-vm kernel: [    0.470770] pci 0000:00:19.0:   bridge window [mem 0x000a0000-0x000bffff window] (subtractive decode)
Jan 29 20:54:18 cu-cs-vm kernel: [    0.470771] pci 0000:00:19.0:   bridge window [mem 0xdc000000-0xffdfffff window] (subtractive decode)
Jan 29 20:54:18 cu-cs-vm kernel: [    0.470773] pci_bus 0000:02: busn_res: [bus 02-ff] end is updated to 02
Jan 29 20:54:18 cu-cs-vm kernel: [    0.471791] ACPI: PCI Interrupt Link [LNKA] (IRQs 5 9 10 *11), disabled.
Jan 29 20:54:18 cu-cs-vm kernel: [    0.472961] ACPI: PCI Interrupt Link [LNKB] (IRQs 5 *9 10 11), disabled.
Jan 29 20:54:18 cu-cs-vm kernel: [    0.473726] ACPI: PCI Interrupt Link [LNKC] (IRQs 5 9 10 *11), disabled.
Jan 29 20:54:18 cu-cs-vm kernel: [    0.474483] ACPI: PCI Interrupt Link [LNKD] (IRQs 5 9 10 *11), disabled.
Jan 29 20:54:18 cu-cs-vm kernel: [    0.475290] ACPI: Enabled 2 GPEs in block 00 to 07
Jan 29 20:54:18 cu-cs-vm kernel: [    0.476005] vgaarb: setting as boot device: PCI:0000:00:02.0
Jan 29 20:54:18 cu-cs-vm kernel: [    0.476373] vgaarb: device added: PCI:0000:00:02.0,decodes=io+mem,owns=io+mem,locks=none
Jan 29 20:54:18 cu-cs-vm kernel: [    0.476979] vgaarb: loaded
Jan 29 20:54:18 cu-cs-vm kernel: [    0.477267] vgaarb: bridge control possible 0000:00:02.0
Jan 29 20:54:18 cu-cs-vm kernel: [    0.477851] SCSI subsystem initialized
Jan 29 20:54:18 cu-cs-vm kernel: [    0.478297] libata version 3.00 loaded.
Jan 29 20:54:18 cu-cs-vm kernel: [    0.478332] ACPI: bus type USB registered
Jan 29 20:54:18 cu-cs-vm kernel: [    0.478677] usbcore: registered new interface driver usbfs
Jan 29 20:54:18 cu-cs-vm kernel: [    0.479043] usbcore: registered new interface driver hub
Jan 29 20:54:18 cu-cs-vm kernel: [    0.479416] usbcore: registered new device driver usb
Jan 29 20:54:18 cu-cs-vm kernel: [    0.480009] PCI: Using ACPI for IRQ routing
Jan 29 20:54:18 cu-cs-vm kernel: [    0.493898] PCI: pci_cache_line_size set to 64 bytes
Jan 29 20:54:18 cu-cs-vm kernel: [    0.494051] e820: reserve RAM buffer [mem 0x0009fc00-0x0009ffff]
Jan 29 20:54:18 cu-cs-vm kernel: [    0.494057] e820: reserve RAM buffer [mem 0xdbff0000-0xdbffffff]
Jan 29 20:54:18 cu-cs-vm kernel: [    0.494175] NetLabel: Initializing
Jan 29 20:54:18 cu-cs-vm kernel: [    0.494485] NetLabel:  domain hash size = 128
Jan 29 20:54:18 cu-cs-vm kernel: [    0.495252] NetLabel:  protocols = UNLABELED CIPSOv4
Jan 29 20:54:18 cu-cs-vm kernel: [    0.495920] NetLabel:  unlabeled traffic allowed by default
Jan 29 20:54:18 cu-cs-vm kernel: [    0.496872] HPET: 4 timers in total, 0 timers will be used for per-cpu timer
Jan 29 20:54:18 cu-cs-vm kernel: [    0.497949] hpet0: at MMIO 0xfed00000, IRQs 2, 8, 0, 0
Jan 29 20:54:18 cu-cs-vm kernel: [    0.499355] hpet0: 4 comparators, 64-bit 14.318180 MHz counter
Jan 29 20:54:18 cu-cs-vm kernel: [    0.502359] amd_nb: Cannot enumerate AMD northbridges
Jan 29 20:54:18 cu-cs-vm kernel: [    0.502841] clocksource: Switched to clocksource kvm-clock
Jan 29 20:54:18 cu-cs-vm kernel: [    0.511458] AppArmor: AppArmor Filesystem Enabled
Jan 29 20:54:18 cu-cs-vm kernel: [    0.511922] pnp: PnP ACPI init
Jan 29 20:54:18 cu-cs-vm kernel: [    0.512327] pnp 00:00: Plug and Play ACPI device, IDs PNP0303 (active)
Jan 29 20:54:18 cu-cs-vm kernel: [    0.512398] pnp 00:01: Plug and Play ACPI device, IDs PNP0f03 (active)
Jan 29 20:54:18 cu-cs-vm kernel: [    0.512448] pnp 00:02: Plug and Play ACPI device, IDs PNP0b00 (active)
Jan 29 20:54:18 cu-cs-vm kernel: [    0.512513] system 00:03: [mem 0xfed00000-0xfed003ff] has been reserved
Jan 29 20:54:18 cu-cs-vm kernel: [    0.512960] system 00:03: Plug and Play ACPI device, IDs PNP0103 PNP0c01 (active)
Jan 29 20:54:18 cu-cs-vm kernel: [    0.513086] system 00:04: [mem 0xdc000000-0xdfffffff] has been reserved
Jan 29 20:54:18 cu-cs-vm kernel: [    0.513548] system 00:04: Plug and Play ACPI device, IDs PNP0c02 (active)
Jan 29 20:54:18 cu-cs-vm kernel: [    0.514237] pnp: PnP ACPI: found 5 devices
Jan 29 20:54:18 cu-cs-vm kernel: [    0.524640] clocksource: acpi_pm: mask: 0xffffff max_cycles: 0xffffff, max_idle_ns: 2085701024 ns
Jan 29 20:54:18 cu-cs-vm kernel: [    0.525324] pci 0000:00:18.0: PCI bridge to [bus 01]
Jan 29 20:54:18 cu-cs-vm kernel: [    0.525738] pci 0000:00:19.0: PCI bridge to [bus 02]
Jan 29 20:54:18 cu-cs-vm kernel: [    0.526152] pci_bus 0000:00: resource 4 [io  0x0000-0x0cf7 window]
Jan 29 20:54:18 cu-cs-vm kernel: [    0.526154] pci_bus 0000:00: resource 5 [io  0x0d00-0xffff window]
Jan 29 20:54:18 cu-cs-vm kernel: [    0.526155] pci_bus 0000:00: resource 6 [mem 0x000a0000-0x000bffff window]
Jan 29 20:54:18 cu-cs-vm kernel: [    0.526157] pci_bus 0000:00: resource 7 [mem 0xdc000000-0xffdfffff window]
Jan 29 20:54:18 cu-cs-vm kernel: [    0.526158] pci_bus 0000:01: resource 4 [io  0x0000-0x0cf7 window]
Jan 29 20:54:18 cu-cs-vm kernel: [    0.526159] pci_bus 0000:01: resource 5 [io  0x0d00-0xffff window]
Jan 29 20:54:18 cu-cs-vm kernel: [    0.526161] pci_bus 0000:01: resource 6 [mem 0x000a0000-0x000bffff window]
Jan 29 20:54:18 cu-cs-vm kernel: [    0.526162] pci_bus 0000:01: resource 7 [mem 0xdc000000-0xffdfffff window]
Jan 29 20:54:18 cu-cs-vm kernel: [    0.526163] pci_bus 0000:02: resource 4 [io  0x0000-0x0cf7 window]
Jan 29 20:54:18 cu-cs-vm kernel: [    0.526164] pci_bus 0000:02: resource 5 [io  0x0d00-0xffff window]
Jan 29 20:54:18 cu-cs-vm kernel: [    0.526166] pci_bus 0000:02: resource 6 [mem 0x000a0000-0x000bffff window]
Jan 29 20:54:18 cu-cs-vm kernel: [    0.526167] pci_bus 0000:02: resource 7 [mem 0xdc000000-0xffdfffff window]
Jan 29 20:54:18 cu-cs-vm kernel: [    0.526200] NET: Registered protocol family 2
Jan 29 20:54:18 cu-cs-vm kernel: [    0.526666] TCP established hash table entries: 32768 (order: 6, 262144 bytes)
Jan 29 20:54:18 cu-cs-vm kernel: [    0.527321] TCP bind hash table entries: 32768 (order: 7, 524288 bytes)
Jan 29 20:54:18 cu-cs-vm kernel: [    0.527975] TCP: Hash tables configured (established 32768 bind 32768)
Jan 29 20:54:18 cu-cs-vm kernel: [    0.528375] UDP hash table entries: 2048 (order: 4, 65536 bytes)
Jan 29 20:54:18 cu-cs-vm kernel: [    0.528755] UDP-Lite hash table entries: 2048 (order: 4, 65536 bytes)
Jan 29 20:54:18 cu-cs-vm kernel: [    0.529175] NET: Registered protocol family 1
Jan 29 20:54:18 cu-cs-vm kernel: [    0.529553] pci 0000:00:02.0: Video device with shadowed ROM
Jan 29 20:54:18 cu-cs-vm kernel: [    0.530480] PCI: CLS 0 bytes, default 64
Jan 29 20:54:18 cu-cs-vm kernel: [    0.530524] Trying to unpack rootfs image as initramfs...
Jan 29 20:54:18 cu-cs-vm kernel: [    1.085592] Freeing initrd memory: 47192K (ffff8800323c4000 - ffff8800351da000)
Jan 29 20:54:18 cu-cs-vm kernel: [    1.086187] PCI-DMA: Using software bounce buffering for IO (SWIOTLB)
Jan 29 20:54:18 cu-cs-vm kernel: [    1.086558] software IO TLB [mem 0xd7ff0000-0xdbff0000] (64MB) mapped at [ffff8800d7ff0000-ffff8800dbfeffff]
Jan 29 20:54:18 cu-cs-vm kernel: [    1.087305] Scanning for low memory corruption every 60 seconds
Jan 29 20:54:18 cu-cs-vm kernel: [    1.088205] futex hash table entries: 512 (order: 3, 32768 bytes)
Jan 29 20:54:18 cu-cs-vm kernel: [    1.088577] audit: initializing netlink subsys (disabled)
Jan 29 20:54:18 cu-cs-vm kernel: [    1.088923] audit: type=2000 audit(1485748950.219:1): initialized
Jan 29 20:54:18 cu-cs-vm kernel: [    1.089495] Initialise system trusted keyring
Jan 29 20:54:18 cu-cs-vm kernel: [    1.090389] HugeTLB registered 2 MB page size, pre-allocated 0 pages
Jan 29 20:54:18 cu-cs-vm kernel: [    1.091978] zbud: loaded
Jan 29 20:54:18 cu-cs-vm kernel: [    1.092613] VFS: Disk quotas dquot_6.6.0
Jan 29 20:54:18 cu-cs-vm kernel: [    1.092945] VFS: Dquot-cache hash table entries: 512 (order 0, 4096 bytes)
Jan 29 20:54:18 cu-cs-vm kernel: [    1.093516] squashfs: version 4.0 (2009/01/31) Phillip Lougher
Jan 29 20:54:18 cu-cs-vm kernel: [    1.094379] fuse init (API version 7.23)
Jan 29 20:54:18 cu-cs-vm kernel: [    1.094897] Key type big_key registered
Jan 29 20:54:18 cu-cs-vm kernel: [    1.095247] Allocating IMA MOK and blacklist keyrings.
Jan 29 20:54:18 cu-cs-vm kernel: [    1.097834] Key type asymmetric registered
Jan 29 20:54:18 cu-cs-vm kernel: [    1.098193] Asymmetric key parser 'x509' registered
Jan 29 20:54:18 cu-cs-vm kernel: [    1.098570] Block layer SCSI generic (bsg) driver version 0.4 loaded (major 249)
Jan 29 20:54:18 cu-cs-vm kernel: [    1.099349] io scheduler noop registered
Jan 29 20:54:18 cu-cs-vm kernel: [    1.099740] io scheduler deadline registered (default)
Jan 29 20:54:18 cu-cs-vm kernel: [    1.100206] io scheduler cfq registered
Jan 29 20:54:18 cu-cs-vm kernel: [    1.100905] pci_hotplug: PCI Hot Plug PCI Core version: 0.5
Jan 29 20:54:18 cu-cs-vm kernel: [    1.101334] pciehp: PCI Express Hot Plug Controller Driver version: 0.4
Jan 29 20:54:18 cu-cs-vm kernel: [    1.101891] intel_idle: does not run on family 6 model 94
Jan 29 20:54:18 cu-cs-vm kernel: [    1.102272] ACPI: AC Adapter [AC] (on-line)
Jan 29 20:54:18 cu-cs-vm kernel: [    1.102655] input: Power Button as /devices/LNXSYSTM:00/LNXPWRBN:00/input/input0
Jan 29 20:54:18 cu-cs-vm kernel: [    1.103244] ACPI: Power Button [PWRF]
Jan 29 20:54:18 cu-cs-vm kernel: [    1.103658] input: Sleep Button as /devices/LNXSYSTM:00/LNXSLPBN:00/input/input1
Jan 29 20:54:18 cu-cs-vm kernel: [    1.104241] ACPI: Sleep Button [SLPF]
Jan 29 20:54:18 cu-cs-vm kernel: [    1.104917] GHES: HEST is not enabled!
Jan 29 20:54:18 cu-cs-vm kernel: [    1.105993] ACPI: Battery Slot [BAT0] (battery present)
Jan 29 20:54:18 cu-cs-vm kernel: [    1.106477] Serial: 8250/16550 driver, 32 ports, IRQ sharing enabled
Jan 29 20:54:18 cu-cs-vm kernel: [    1.110703] Linux agpgart interface v0.103
Jan 29 20:54:18 cu-cs-vm kernel: [    1.114266] brd: module loaded
Jan 29 20:54:18 cu-cs-vm kernel: [    1.115938] loop: module loaded
Jan 29 20:54:18 cu-cs-vm kernel: [    1.116397] libphy: Fixed MDIO Bus: probed
Jan 29 20:54:18 cu-cs-vm kernel: [    1.116713] tun: Universal TUN/TAP device driver, 1.6
Jan 29 20:54:18 cu-cs-vm kernel: [    1.117049] tun: (C) 1999-2004 Max Krasnyansky <maxk@qualcomm.com>
Jan 29 20:54:18 cu-cs-vm kernel: [    1.117490] PPP generic driver version 2.4.2
Jan 29 20:54:18 cu-cs-vm kernel: [    1.117938] ehci_hcd: USB 2.0 'Enhanced' Host Controller (EHCI) Driver
Jan 29 20:54:18 cu-cs-vm kernel: [    1.118439] ehci-pci: EHCI PCI platform driver
Jan 29 20:54:18 cu-cs-vm kernel: [    1.118778] ehci-platform: EHCI generic platform driver
Jan 29 20:54:18 cu-cs-vm kernel: [    1.119208] ohci_hcd: USB 1.1 'Open' Host Controller (OHCI) Driver
Jan 29 20:54:18 cu-cs-vm kernel: [    1.119584] ohci-pci: OHCI PCI platform driver
Jan 29 20:54:18 cu-cs-vm kernel: [    1.120336] ohci-pci 0000:00:1f.4: OHCI PCI host controller
Jan 29 20:54:18 cu-cs-vm kernel: [    1.120759] ohci-pci 0000:00:1f.4: new USB bus registered, assigned bus number 1
Jan 29 20:54:18 cu-cs-vm kernel: [    1.121369] ohci-pci 0000:00:1f.4: irq 23, io mem 0xe4806000
Jan 29 20:54:18 cu-cs-vm kernel: [    1.175598] usb usb1: New USB device found, idVendor=1d6b, idProduct=0001
Jan 29 20:54:18 cu-cs-vm kernel: [    1.175999] usb usb1: New USB device strings: Mfr=3, Product=2, SerialNumber=1
Jan 29 20:54:18 cu-cs-vm kernel: [    1.176582] usb usb1: Product: OHCI PCI host controller
Jan 29 20:54:18 cu-cs-vm kernel: [    1.176934] usb usb1: Manufacturer: Linux 4.4.35DylanKernel ohci_hcd
Jan 29 20:54:18 cu-cs-vm kernel: [    1.177314] usb usb1: SerialNumber: 0000:00:1f.4
Jan 29 20:54:18 cu-cs-vm kernel: [    1.177836] hub 1-0:1.0: USB hub found
Jan 29 20:54:18 cu-cs-vm kernel: [    1.178162] hub 1-0:1.0: 12 ports detected
Jan 29 20:54:18 cu-cs-vm kernel: [    1.178791] ohci-platform: OHCI generic platform driver
Jan 29 20:54:18 cu-cs-vm kernel: [    1.179178] uhci_hcd: USB Universal Host Controller Interface driver
Jan 29 20:54:18 cu-cs-vm kernel: [    1.179627] i8042: PNP: PS/2 Controller [PNP0303:PS2K,PNP0f03:PS2M] at 0x60,0x64 irq 1,12
Jan 29 20:54:18 cu-cs-vm kernel: [    1.180648] serio: i8042 KBD port at 0x60,0x64 irq 1
Jan 29 20:54:18 cu-cs-vm kernel: [    1.180995] serio: i8042 AUX port at 0x60,0x64 irq 12
Jan 29 20:54:18 cu-cs-vm kernel: [    1.181564] mousedev: PS/2 mouse device common for all mice
Jan 29 20:54:18 cu-cs-vm kernel: [    1.182277] input: AT Translated Set 2 keyboard as /devices/platform/i8042/serio0/input/input2
Jan 29 20:54:18 cu-cs-vm kernel: [    1.183354] rtc_cmos 00:02: rtc core: registered rtc_cmos as rtc0
Jan 29 20:54:18 cu-cs-vm kernel: [    1.183826] rtc_cmos 00:02: alarms up to one day, 114 bytes nvram, hpet irqs
Jan 29 20:54:18 cu-cs-vm kernel: [    1.184233] i2c /dev entries driver
Jan 29 20:54:18 cu-cs-vm kernel: [    1.184611] device-mapper: uevent: version 1.0.3
Jan 29 20:54:18 cu-cs-vm kernel: [    1.185061] device-mapper: ioctl: 4.34.0-ioctl (2015-10-28) initialised: dm-devel@redhat.com
Jan 29 20:54:18 cu-cs-vm kernel: [    1.185695] ledtrig-cpu: registered to indicate activity on CPUs
Jan 29 20:54:18 cu-cs-vm kernel: [    1.186672] NET: Registered protocol family 10
Jan 29 20:54:18 cu-cs-vm kernel: [    1.187211] NET: Registered protocol family 17
Jan 29 20:54:18 cu-cs-vm kernel: [    1.187555] Key type dns_resolver registered
Jan 29 20:54:18 cu-cs-vm kernel: [    1.188065] microcode: CPU0 sig=0x506e3, pf=0x2, revision=0x0
Jan 29 20:54:18 cu-cs-vm kernel: [    1.188504] microcode: CPU1 sig=0x506e3, pf=0x2, revision=0x0
Jan 29 20:54:18 cu-cs-vm kernel: [    1.188956] microcode: Microcode Update Driver: v2.01 <tigran@aivazian.fsnet.co.uk>, Peter Oruba
Jan 29 20:54:18 cu-cs-vm kernel: [    1.189955] registered taskstats version 1
Jan 29 20:54:18 cu-cs-vm kernel: [    1.190298] Loading compiled-in X.509 certificates
Jan 29 20:54:18 cu-cs-vm kernel: [    1.191187] Loaded X.509 cert 'Build time autogenerated kernel key: 015e07047d481844565e5cb2c94ba4d39764f946'
Jan 29 20:54:18 cu-cs-vm kernel: [    1.191979] zswap: loaded using pool lzo/zbud
Jan 29 20:54:18 cu-cs-vm kernel: [    1.194705] Key type trusted registered
Jan 29 20:54:18 cu-cs-vm kernel: [    1.198185] Key type encrypted registered
Jan 29 20:54:18 cu-cs-vm kernel: [    1.198522] AppArmor: AppArmor sha1 policy hashing enabled
Jan 29 20:54:18 cu-cs-vm kernel: [    1.198891] ima: No TPM chip found, activating TPM-bypass!
Jan 29 20:54:18 cu-cs-vm kernel: [    1.199451] evm: HMAC attrs: 0x1
Jan 29 20:54:18 cu-cs-vm kernel: [    1.200274]   Magic number: 1:430:918
Jan 29 20:54:18 cu-cs-vm kernel: [    1.200968] rtc_cmos 00:02: setting system clock to 2017-01-30 03:54:15 UTC (1485748455)
Jan 29 20:54:18 cu-cs-vm kernel: [    1.202175] BIOS EDD facility v0.16 2004-Jun-25, 0 devices found
Jan 29 20:54:18 cu-cs-vm kernel: [    1.202562] EDD information not available.
Jan 29 20:54:18 cu-cs-vm kernel: [    1.203050] PM: Hibernation image not present or could not be loaded.
Jan 29 20:54:18 cu-cs-vm kernel: [    1.204098] Freeing unused kernel memory: 1480K (ffffffff81f41000 - ffffffff820b3000)
Jan 29 20:54:18 cu-cs-vm kernel: [    1.204752] Write protecting the kernel read-only data: 14336k
Jan 29 20:54:18 cu-cs-vm kernel: [    1.205851] Freeing unused kernel memory: 1976K (ffff880001812000 - ffff880001a00000)
Jan 29 20:54:18 cu-cs-vm kernel: [    1.216190] Freeing unused kernel memory: 288K (ffff880001db8000 - ffff880001e00000)
Jan 29 20:54:18 cu-cs-vm kernel: [    1.227470] random: systemd-udevd: uninitialized urandom read (16 bytes read, 1 bits of entropy available)
Jan 29 20:54:18 cu-cs-vm kernel: [    1.227953] random: udevadm: uninitialized urandom read (16 bytes read, 1 bits of entropy available)
Jan 29 20:54:18 cu-cs-vm kernel: [    1.227982] random: udevadm: uninitialized urandom read (16 bytes read, 1 bits of entropy available)
Jan 29 20:54:18 cu-cs-vm kernel: [    1.228078] random: udevadm: uninitialized urandom read (16 bytes read, 1 bits of entropy available)
Jan 29 20:54:18 cu-cs-vm kernel: [    1.228111] random: udevadm: uninitialized urandom read (16 bytes read, 1 bits of entropy available)
Jan 29 20:54:18 cu-cs-vm kernel: [    1.228141] random: udevadm: uninitialized urandom read (16 bytes read, 1 bits of entropy available)
Jan 29 20:54:18 cu-cs-vm kernel: [    1.228170] random: udevadm: uninitialized urandom read (16 bytes read, 1 bits of entropy available)
Jan 29 20:54:18 cu-cs-vm kernel: [    1.228204] random: udevadm: uninitialized urandom read (16 bytes read, 1 bits of entropy available)
Jan 29 20:54:18 cu-cs-vm kernel: [    1.228233] random: udevadm: uninitialized urandom read (16 bytes read, 1 bits of entropy available)
Jan 29 20:54:18 cu-cs-vm kernel: [    1.228263] random: udevadm: uninitialized urandom read (16 bytes read, 1 bits of entropy available)
Jan 29 20:54:18 cu-cs-vm kernel: [    1.255475] e1000: Intel(R) PRO/1000 Network Driver - version 7.3.21-k8-NAPI
Jan 29 20:54:18 cu-cs-vm kernel: [    1.256021] e1000: Copyright (c) 1999-2006 Intel Corporation.
Jan 29 20:54:18 cu-cs-vm kernel: [    1.261823] FUJITSU Extended Socket Network Device Driver - version 1.0 - Copyright (c) 2015 FUJITSU LIMITED
Jan 29 20:54:18 cu-cs-vm kernel: [    1.479437] input: ImExPS/2 Generic Explorer Mouse as /devices/platform/i8042/serio1/input/input4
Jan 29 20:54:18 cu-cs-vm kernel: [    1.616864] e1000 0000:00:03.0 eth0: (PCI:33MHz:32-bit) 08:00:27:df:67:dd
Jan 29 20:54:18 cu-cs-vm kernel: [    1.617325] e1000 0000:00:03.0 eth0: Intel(R) PRO/1000 Network Connection
Jan 29 20:54:18 cu-cs-vm kernel: [    1.617804] ahci 0000:00:1f.2: version 3.0
Jan 29 20:54:18 cu-cs-vm kernel: [    1.618473] ahci 0000:00:1f.2: SSS flag set, parallel bus scan disabled
Jan 29 20:54:18 cu-cs-vm kernel: [    1.619066] ahci 0000:00:1f.2: AHCI 0001.0100 32 slots 2 ports 3 Gbps 0x3 impl SATA mode
Jan 29 20:54:18 cu-cs-vm kernel: [    1.619820] ahci 0000:00:1f.2: flags: 64bit ncq stag only ccc 
Jan 29 20:54:18 cu-cs-vm kernel: [    1.621166] scsi host0: ahci
Jan 29 20:54:18 cu-cs-vm kernel: [    1.621803] scsi host1: ahci
Jan 29 20:54:18 cu-cs-vm kernel: [    1.622250] ata1: SATA max UDMA/133 abar m8192@0xe4804000 port 0xe4804100 irq 24
Jan 29 20:54:18 cu-cs-vm kernel: [    1.622903] ata2: SATA max UDMA/133 abar m8192@0xe4804000 port 0xe4804180 irq 24
Jan 29 20:54:18 cu-cs-vm kernel: [    1.624459] e1000 0000:00:03.0 enp0s3: renamed from eth0
Jan 29 20:54:18 cu-cs-vm kernel: [    1.944513] ata1: SATA link up 3.0 Gbps (SStatus 123 SControl 300)
Jan 29 20:54:18 cu-cs-vm kernel: [    1.945441] ata1.00: ATA-8: VBOX HARDDISK, 1.0, max UDMA/133
Jan 29 20:54:18 cu-cs-vm kernel: [    1.946107] ata1.00: 134217728 sectors, multi 128: LBA48 NCQ (depth 31/32)
Jan 29 20:54:18 cu-cs-vm kernel: [    1.947147] ata1.00: configured for UDMA/133
Jan 29 20:54:18 cu-cs-vm kernel: [    1.947938] scsi 0:0:0:0: Direct-Access     ATA      VBOX HARDDISK    1.0  PQ: 0 ANSI: 5
Jan 29 20:54:18 cu-cs-vm kernel: [    1.949029] sd 0:0:0:0: [sda] 134217728 512-byte logical blocks: (68.7 GB/64.0 GiB)
Jan 29 20:54:18 cu-cs-vm kernel: [    1.949186] sd 0:0:0:0: Attached scsi generic sg0 type 0
Jan 29 20:54:18 cu-cs-vm kernel: [    1.950941] sd 0:0:0:0: [sda] Write Protect is off
Jan 29 20:54:18 cu-cs-vm kernel: [    1.951415] sd 0:0:0:0: [sda] Mode Sense: 00 3a 00 00
Jan 29 20:54:18 cu-cs-vm kernel: [    1.951425] sd 0:0:0:0: [sda] Write cache: enabled, read cache: enabled, doesn't support DPO or FUA
Jan 29 20:54:18 cu-cs-vm kernel: [    1.952606]  sda: sda1
Jan 29 20:54:18 cu-cs-vm kernel: [    1.953197] sd 0:0:0:0: [sda] Attached SCSI disk
Jan 29 20:54:18 cu-cs-vm kernel: [    2.084444] tsc: Refined TSC clocksource calibration: 2585.697 MHz
Jan 29 20:54:18 cu-cs-vm kernel: [    2.085280] clocksource: tsc: mask: 0xffffffffffffffff max_cycles: 0x254574d1a4a, max_idle_ns: 440795283271 ns
Jan 29 20:54:18 cu-cs-vm kernel: [    2.271307] ata2: SATA link up 3.0 Gbps (SStatus 123 SControl 300)
Jan 29 20:54:18 cu-cs-vm kernel: [    2.272008] ata2.00: ATAPI: VBOX CD-ROM, 1.0, max UDMA/133
Jan 29 20:54:18 cu-cs-vm kernel: [    2.272516] ata2.00: applying bridge limits
Jan 29 20:54:18 cu-cs-vm kernel: [    2.273185] ata2.00: configured for UDMA/100
Jan 29 20:54:18 cu-cs-vm kernel: [    2.274109] scsi 1:0:0:0: CD-ROM            VBOX     CD-ROM           1.0  PQ: 0 ANSI: 5
Jan 29 20:54:18 cu-cs-vm kernel: [    2.283501] sr 1:0:0:0: [sr0] scsi3-mmc drive: 32x/32x xa/form2 tray
Jan 29 20:54:18 cu-cs-vm kernel: [    2.283964] cdrom: Uniform CD-ROM driver Revision: 3.20
Jan 29 20:54:18 cu-cs-vm kernel: [    2.284650] sr 1:0:0:0: Attached scsi CD-ROM sr0
Jan 29 20:54:18 cu-cs-vm kernel: [    2.284900] sr 1:0:0:0: Attached scsi generic sg1 type 5
Jan 29 20:54:18 cu-cs-vm kernel: [    2.439279] raid6: sse2x1   gen()  8366 MB/s
Jan 29 20:54:18 cu-cs-vm kernel: [    2.506871] raid6: sse2x1   xor()  5481 MB/s
Jan 29 20:54:18 cu-cs-vm kernel: [    2.577262] raid6: sse2x2   gen() 10571 MB/s
Jan 29 20:54:18 cu-cs-vm kernel: [    2.643195] raid6: sse2x2   xor()  7007 MB/s
Jan 29 20:54:18 cu-cs-vm kernel: [    2.710941] raid6: sse2x4   gen() 11572 MB/s
Jan 29 20:54:18 cu-cs-vm kernel: [    2.781315] raid6: sse2x4   xor()  8185 MB/s
Jan 29 20:54:18 cu-cs-vm kernel: [    2.781646] raid6: using algorithm sse2x4 gen() 11572 MB/s
Jan 29 20:54:18 cu-cs-vm kernel: [    2.781995] raid6: .... xor() 8185 MB/s, rmw enabled
Jan 29 20:54:18 cu-cs-vm kernel: [    2.782330] raid6: using ssse3x2 recovery algorithm
Jan 29 20:54:18 cu-cs-vm kernel: [    2.784434] xor: automatically using best checksumming function:
Jan 29 20:54:18 cu-cs-vm kernel: [    2.822903]    avx       : 24694.000 MB/sec
Jan 29 20:54:18 cu-cs-vm kernel: [    2.903550] Btrfs loaded
Jan 29 20:54:18 cu-cs-vm kernel: [    2.945341] BTRFS: device fsid cdc63320-d9b3-4941-85c9-01e6f9786fb3 devid 1 transid 12322 /dev/sda1
Jan 29 20:54:18 cu-cs-vm kernel: [    2.965031] BTRFS info (device sda1): disk space caching is enabled
Jan 29 20:54:18 cu-cs-vm kernel: [    2.965421] BTRFS: has skinny extents
Jan 29 20:54:18 cu-cs-vm kernel: [    2.970748] BTRFS: detected SSD devices, enabling SSD mode
Jan 29 20:54:18 cu-cs-vm kernel: [    3.174976] lp: driver loaded but no devices found
Jan 29 20:54:18 cu-cs-vm kernel: [    3.183924] ppdev: user-space parallel port driver
Jan 29 20:54:18 cu-cs-vm kernel: [    3.322685] BTRFS info (device sda1): enabling auto defrag
Jan 29 20:54:18 cu-cs-vm kernel: [    3.322710] BTRFS info (device sda1): disk space caching is enabled
Jan 29 20:54:18 cu-cs-vm kernel: [    3.427771] ACPI: Video Device [GFX0] (multi-head: yes  rom: no  post: no)
Jan 29 20:54:18 cu-cs-vm kernel: [    3.427839] input: Video Bus as /devices/LNXSYSTM:00/LNXSYBUS:00/PNP0A03:00/LNXVIDEO:00/input/input5
Jan 29 20:54:18 cu-cs-vm kernel: [    3.458733] piix4_smbus 0000:00:07.0: SMBus Host Controller at 0x4100, revision 0
Jan 29 20:54:18 cu-cs-vm kernel: [    3.461459] [drm] Initialized drm 1.1.0 20060810
Jan 29 20:54:18 cu-cs-vm kernel: [    3.467281] lpc_ich 0000:00:1f.0: I/O space for GPIO uninitialized
Jan 29 20:54:18 cu-cs-vm kernel: [    3.473071] vboxguest: module verification failed: signature and/or required key missing - tainting kernel
Jan 29 20:54:18 cu-cs-vm kernel: [    3.501158] vgdrvHeartbeatInit: Setting up heartbeat to trigger every 2000 milliseconds
Jan 29 20:54:18 cu-cs-vm kernel: [    3.501246] input: Unspecified device as /devices/pci0000:00/0000:00:04.0/input/input6
Jan 29 20:54:18 cu-cs-vm kernel: [    3.509418] vboxguest: misc device minor 55, IRQ 20, I/O port d020, MMIO at 00000000e4400000 (size 0x400000)
Jan 29 20:54:18 cu-cs-vm kernel: [    3.509422] vboxguest: Successfully loaded version 5.1.12 (interface 0x00010004)
Jan 29 20:54:18 cu-cs-vm kernel: [    3.568072] [drm] VRAM 04000000
Jan 29 20:54:18 cu-cs-vm kernel: [    3.571155] [TTM] Zone  kernel: Available graphics memory: 1956884 kiB
Jan 29 20:54:18 cu-cs-vm kernel: [    3.571158] [TTM] Initializing pool allocator
Jan 29 20:54:18 cu-cs-vm kernel: [    3.571164] [TTM] Initializing DMA pool allocator
Jan 29 20:54:18 cu-cs-vm kernel: [    3.571560] fbcon: vboxdrmfb (fb0) is primary device
Jan 29 20:54:18 cu-cs-vm kernel: [    3.594077] Console: switching to colour frame buffer device 100x37
Jan 29 20:54:18 cu-cs-vm kernel: [    3.607291] vboxvideo 0000:00:02.0: fb0: vboxdrmfb frame buffer device
Jan 29 20:54:18 cu-cs-vm kernel: [    3.619987] AVX version of gcm_enc/dec engaged.
Jan 29 20:54:18 cu-cs-vm kernel: [    3.619989] AES CTR mode by8 optimization enabled
Jan 29 20:54:18 cu-cs-vm kernel: [    3.623578] [drm] Initialized vboxvideo 1.0.0 20130823 for 0000:00:02.0 on minor 0
Jan 29 20:54:18 cu-cs-vm kernel: [    3.781764] BTRFS error (device sda1): could not find root 8
Jan 29 20:54:18 cu-cs-vm kernel: [    3.782241] BTRFS error (device sda1): could not find root 8
Jan 29 20:54:18 cu-cs-vm kernel: [    3.829968] snd_intel8x0 0000:00:05.0: disable (unknown or VT-d) VM optimization
Jan 29 20:54:18 cu-cs-vm kernel: [    3.911452] audit: type=1400 audit(1485748458.208:2): apparmor="STATUS" operation="profile_load" profile="unconfined" name="/sbin/dhclient" pid=669 comm="apparmor_parser"
Jan 29 20:54:18 cu-cs-vm kernel: [    3.911460] audit: type=1400 audit(1485748458.208:3): apparmor="STATUS" operation="profile_load" profile="unconfined" name="/usr/lib/NetworkManager/nm-dhcp-client.action" pid=669 comm="apparmor_parser"
Jan 29 20:54:18 cu-cs-vm kernel: [    3.911464] audit: type=1400 audit(1485748458.208:4): apparmor="STATUS" operation="profile_load" profile="unconfined" name="/usr/lib/NetworkManager/nm-dhcp-helper" pid=669 comm="apparmor_parser"
Jan 29 20:54:18 cu-cs-vm kernel: [    3.911467] audit: type=1400 audit(1485748458.208:5): apparmor="STATUS" operation="profile_load" profile="unconfined" name="/usr/lib/connman/scripts/dhclient-script" pid=669 comm="apparmor_parser"
Jan 29 20:54:18 cu-cs-vm kernel: [    3.924693] audit: type=1400 audit(1485748458.220:6): apparmor="STATUS" operation="profile_load" profile="unconfined" name="/usr/lib/lightdm/lightdm-guest-session" pid=668 comm="apparmor_parser"
Jan 29 20:54:18 cu-cs-vm kernel: [    3.924702] audit: type=1400 audit(1485748458.220:7): apparmor="STATUS" operation="profile_load" profile="unconfined" name="/usr/lib/lightdm/lightdm-guest-session//chromium" pid=668 comm="apparmor_parser"
Jan 29 20:54:18 cu-cs-vm kernel: [    3.938260] audit: type=1400 audit(1485748458.232:8): apparmor="STATUS" operation="profile_load" profile="unconfined" name="/usr/bin/ubuntu-core-launcher" pid=679 comm="apparmor_parser"
Jan 29 20:54:18 cu-cs-vm kernel: [    3.942397] audit: type=1400 audit(1485748458.236:9): apparmor="STATUS" operation="profile_load" profile="unconfined" name="/usr/bin/evince" pid=671 comm="apparmor_parser"
Jan 29 20:54:18 cu-cs-vm kernel: [    3.942409] audit: type=1400 audit(1485748458.236:10): apparmor="STATUS" operation="profile_load" profile="unconfined" name="/usr/bin/evince//sanitized_helper" pid=671 comm="apparmor_parser"
Jan 29 20:54:18 cu-cs-vm systemd-modules-load[245]: Inserted module 'lp'
Jan 29 20:54:18 cu-cs-vm systemd-modules-load[245]: Inserted module 'ppdev'
Jan 29 20:54:18 cu-cs-vm systemd-modules-load[245]: Inserted module 'parport_pc'
Jan 29 20:54:18 cu-cs-vm loadkeys[250]: Loading /etc/console-setup/cached.kmap.gz
Jan 29 20:54:18 cu-cs-vm systemd[1]: Starting Create Static Device Nodes in /dev...
Jan 29 20:54:18 cu-cs-vm systemd[1]: Mounting FUSE Control File System...
Jan 29 20:54:18 cu-cs-vm systemd[1]: Starting Apply Kernel Variables...
Jan 29 20:54:18 cu-cs-vm systemd[1]: Mounted FUSE Control File System.
Jan 29 20:54:18 cu-cs-vm systemd[1]: Started Create Static Device Nodes in /dev.
Jan 29 20:54:18 cu-cs-vm systemd[1]: Started Apply Kernel Variables.
Jan 29 20:54:18 cu-cs-vm systemd[1]: Starting udev Kernel Device Manager...
Jan 29 20:54:18 cu-cs-vm systemd[1]: Started udev Kernel Device Manager.
Jan 29 20:54:18 cu-cs-vm systemd[1]: Starting Remount Root and Kernel File Systems...
Jan 29 20:54:18 cu-cs-vm systemd[1]: Started Remount Root and Kernel File Systems.
Jan 29 20:54:18 cu-cs-vm systemd[1]: Starting Flush Journal to Persistent Storage...
Jan 29 20:54:18 cu-cs-vm systemd[1]: Starting Load/Save Random Seed...
Jan 29 20:54:18 cu-cs-vm systemd[1]: Reached target Local File Systems (Pre).
Jan 29 20:54:18 cu-cs-vm systemd[1]: Starting udev Coldplug all Devices...
Jan 29 20:54:18 cu-cs-vm systemd[1]: Started Load/Save Random Seed.
Jan 29 20:54:18 cu-cs-vm systemd[1]: Started Flush Journal to Persistent Storage.
Jan 29 20:54:18 cu-cs-vm systemd[1]: Started udev Coldplug all Devices.
Jan 29 20:54:18 cu-cs-vm systemd[1]: Started Dispatch Password Requests to Console Directory Watch.
Jan 29 20:54:18 cu-cs-vm systemd-udevd[325]: Process '/lib/udev/hdparm' failed with exit code 5.
Jan 29 20:54:18 cu-cs-vm systemd[1]: Found device VBOX_HARDDISK 1.
Jan 29 20:54:18 cu-cs-vm systemd[1]: Starting File System Check on /dev/disk/by-uuid/cdc63320-d9b3-4941-85c9-01e6f9786fb3...
Jan 29 20:54:18 cu-cs-vm systemd[1]: Started File System Check Daemon to report status.
Jan 29 20:54:18 cu-cs-vm systemd[1]: Started File System Check on /dev/disk/by-uuid/cdc63320-d9b3-4941-85c9-01e6f9786fb3.
Jan 29 20:54:18 cu-cs-vm systemd[1]: Mounting /home...
Jan 29 20:54:18 cu-cs-vm systemd[1]: Listening on Load/Save RF Kill Switch Status /dev/rfkill Watch.
Jan 29 20:54:18 cu-cs-vm systemd[1]: Mounted /home.
Jan 29 20:54:18 cu-cs-vm systemd[1]: Reached target Local File Systems.
Jan 29 20:54:18 cu-cs-vm systemd[1]: Starting Tell Plymouth To Write Out Runtime Data...
Jan 29 20:54:18 cu-cs-vm systemd[1]: Starting Create Volatile Files and Directories...
Jan 29 20:54:18 cu-cs-vm systemd[1]: Starting LSB: AppArmor initialization...
Jan 29 20:54:18 cu-cs-vm systemd[1]: Starting Enable support for additional executable binary formats...
Jan 29 20:54:18 cu-cs-vm systemd-tmpfiles[526]: [/usr/lib/tmpfiles.d/var.conf:14] Duplicate line for path "/var/log", ignoring.
Jan 29 20:54:18 cu-cs-vm systemd[1]: Starting Set console font and keymap...
Jan 29 20:54:18 cu-cs-vm systemd[1]: Started Tell Plymouth To Write Out Runtime Data.
Jan 29 20:54:18 cu-cs-vm systemd[1]: Started Create Volatile Files and Directories.
Jan 29 20:54:18 cu-cs-vm systemd[1]: proc-sys-fs-binfmt_misc.automount: Got automount request for /proc/sys/fs/binfmt_misc, triggered by 528 (update-binfmts)
Jan 29 20:54:18 cu-cs-vm apparmor[527]:  * Starting AppArmor profiles
Jan 29 20:54:18 cu-cs-vm systemd[1]: Mounting Arbitrary Executable File Formats File System...
Jan 29 20:54:18 cu-cs-vm systemd[1]: Starting Update UTMP about System Boot/Shutdown...
Jan 29 20:54:18 cu-cs-vm systemd[1]: Reached target System Time Synchronized.
Jan 29 20:54:18 cu-cs-vm systemd[1]: Started Update UTMP about System Boot/Shutdown.
Jan 29 20:54:18 cu-cs-vm systemd[1]: Mounted Arbitrary Executable File Formats File System.
Jan 29 20:54:18 cu-cs-vm systemd[1]: Started Enable support for additional executable binary formats.
Jan 29 20:54:18 cu-cs-vm apparmor[527]: Skipping profile in /etc/apparmor.d/disable: usr.bin.firefox
Jan 29 20:54:18 cu-cs-vm systemd[1]: Started Set console font and keymap.
Jan 29 20:54:18 cu-cs-vm apparmor[527]: Skipping profile in /etc/apparmor.d/disable: usr.sbin.rsyslogd
Jan 29 20:54:18 cu-cs-vm systemd[1]: Created slice system-getty.slice.
Jan 29 20:54:18 cu-cs-vm apparmor[527]:    ...done.
Jan 29 20:54:18 cu-cs-vm systemd[1]: Started LSB: AppArmor initialization.
Jan 29 20:54:18 cu-cs-vm systemd[1]: Reached target System Initialization.
Jan 29 20:54:18 cu-cs-vm systemd[1]: Started CUPS Scheduler.
Jan 29 20:54:18 cu-cs-vm systemd[1]: Listening on Avahi mDNS/DNS-SD Stack Activation Socket.
Jan 29 20:54:18 cu-cs-vm systemd[1]: apt-daily.timer: Adding 8h 44min 20.342029s random time.
Jan 29 20:54:18 cu-cs-vm systemd[1]: Started Daily apt activities.
Jan 29 20:54:18 cu-cs-vm systemd[1]: Started Trigger resolvconf update for networkd DNS.
Jan 29 20:54:18 cu-cs-vm systemd[1]: Listening on D-Bus System Message Bus Socket.
Jan 29 20:54:18 cu-cs-vm systemd[1]: Listening on ACPID Listen Socket.
Jan 29 20:54:18 cu-cs-vm systemd[1]: Started ACPI Events Check.
Jan 29 20:54:18 cu-cs-vm systemd[1]: Reached target Paths.
Jan 29 20:54:18 cu-cs-vm systemd[1]: Started Daily Cleanup of Temporary Directories.
Jan 29 20:54:18 cu-cs-vm systemd[1]: Starting Socket activation for snappy daemon.
Jan 29 20:54:18 cu-cs-vm systemd[1]: Listening on CUPS Scheduler.
Jan 29 20:54:18 cu-cs-vm systemd[1]: Listening on UUID daemon activation socket.
Jan 29 20:54:18 cu-cs-vm systemd[1]: snapd.refresh.timer: Adding 4min 32.303756s random time.
Jan 29 20:54:18 cu-cs-vm systemd[1]: snapd.refresh.timer: Adding 4h 52min 31.220844s random time.
Jan 29 20:54:18 cu-cs-vm systemd[1]: Started Timer to automatically refresh installed snaps.
Jan 29 20:54:18 cu-cs-vm systemd[1]: Reached target Timers.
Jan 29 20:54:18 cu-cs-vm systemd[1]: Starting Raise network interfaces...
Jan 29 20:54:18 cu-cs-vm systemd[1]: Listening on Socket activation for snappy daemon.
Jan 29 20:54:18 cu-cs-vm systemd[1]: Reached target Sockets.
Jan 29 20:54:18 cu-cs-vm systemd[1]: Reached target Basic System.
Jan 29 20:54:18 cu-cs-vm systemd[1]: Starting System Logging Service...
Jan 29 20:54:18 cu-cs-vm systemd[1]: Starting Thermal Daemon Service...
Jan 29 20:54:18 cu-cs-vm systemd[1]: Started crash report submission daemon.
Jan 29 20:54:18 cu-cs-vm systemd[1]: Starting LSB: automatic crash report generation...
Jan 29 20:54:18 cu-cs-vm systemd[1]: Starting LSB: Speech Dispatcher...
Jan 29 20:54:18 cu-cs-vm systemd[1]: Starting LSB: Execute the kexec -e command to reboot system...
Jan 29 20:54:18 cu-cs-vm systemd[1]: Starting Modem Manager...
Jan 29 20:54:18 cu-cs-vm systemd[1]: Started ACPI event daemon.
Jan 29 20:54:18 cu-cs-vm systemd[1]: Starting LSB: Record successful boot for GRUB...
Jan 29 20:54:18 cu-cs-vm systemd[1]: Starting vboxadd-x11.service...
Jan 29 20:54:18 cu-cs-vm systemd[1]: Started Run anacron jobs.
Jan 29 20:54:18 cu-cs-vm systemd[1]: Starting Detect the available GPUs and deal with any system changes...
Jan 29 20:54:18 cu-cs-vm anacron[776]: Anacron 2.3 started on 2017-01-29
Jan 29 20:54:18 cu-cs-vm anacron[776]: Normal exit (0 jobs run)
Jan 29 20:54:18 cu-cs-vm ModemManager[757]: <info>  ModemManager (version 1.4.12) starting in system bus...
Jan 29 20:54:18 cu-cs-vm systemd[1]: Starting LSB: daemon to balance interrupts for SMP systems...
Jan 29 20:54:18 cu-cs-vm gpu-manager[777]: /etc/modprobe.d is not a file
Jan 29 20:54:18 cu-cs-vm gpu-manager[777]: message repeated 2 times: [ /etc/modprobe.d is not a file]
Jan 29 20:54:18 cu-cs-vm systemd[1]: Starting Avahi mDNS/DNS-SD Stack...
Jan 29 20:54:18 cu-cs-vm systemd[1]: Starting Login Service...
Jan 29 20:54:18 cu-cs-vm gpu-manager[777]: /etc/modprobe.d is not a file
Jan 29 20:54:18 cu-cs-vm systemd[1]: Started D-Bus System Message Bus.
Jan 29 20:54:18 cu-cs-vm acpid: starting up with netlink and the input layer
Jan 29 20:54:18 cu-cs-vm acpid: 9 rules loaded
Jan 29 20:54:18 cu-cs-vm acpid: waiting for events: event logging is off
Jan 29 20:54:18 cu-cs-vm avahi-daemon[793]: Found user 'avahi' (UID 111) and group 'avahi' (GID 120).
Jan 29 20:54:18 cu-cs-vm avahi-daemon[793]: Successfully dropped root privileges.
Jan 29 20:54:18 cu-cs-vm avahi-daemon[793]: avahi-daemon 0.6.32-rc starting up.
Jan 29 20:54:18 cu-cs-vm gpu-manager[777]: /etc/modprobe.d is not a file
Jan 29 20:54:18 cu-cs-vm kernel: [    4.129627] snd_intel8x0 0000:00:05.0: white list rate for 1028:0177 is 48000
Jan 29 20:54:18 cu-cs-vm whoopsie[735]: [20:54:18] Using lock path: /var/lock/whoopsie/lock
Jan 29 20:54:18 cu-cs-vm gpu-manager[777]: Error: can't open /lib/modules/4.4.35DylanKernel/updates/dkms
Jan 29 20:54:18 cu-cs-vm gpu-manager[777]: Error: can't open /lib/modules/4.4.35DylanKernel/updates/dkms
Jan 29 20:54:18 cu-cs-vm gpu-manager[777]: update-alternatives: error: no alternatives for x86_64-linux-gnu_gfxcore_conf
Jan 29 20:54:18 cu-cs-vm dbus[798]: [system] AppArmor D-Bus mediation is enabled
Jan 29 20:54:18 cu-cs-vm thermald[727]: NO RAPL sysfs present
Jan 29 20:54:18 cu-cs-vm thermald[727]: 22 CPUID levels; family:model:stepping 0x6:5e:3 (6:94:3)
Jan 29 20:54:18 cu-cs-vm thermald[727]: Polling mode is enabled: 4
Jan 29 20:54:18 cu-cs-vm thermald[727]: Thermal DTS: No coretemp sysfs found
Jan 29 20:54:18 cu-cs-vm thermald[727]: Thermal DTS or hwmon: No Zones present Need to configure manually
Jan 29 20:54:18 cu-cs-vm thermald[727]: No thermal sensors found
Jan 29 20:54:18 cu-cs-vm thermald[727]: THD engine start failed
Jan 29 20:54:18 cu-cs-vm avahi-daemon[793]: Successfully called chroot().
Jan 29 20:54:18 cu-cs-vm avahi-daemon[793]: Successfully dropped remaining capabilities.
Jan 29 20:54:18 cu-cs-vm avahi-daemon[793]: No service file found in /etc/avahi/services.
Jan 29 20:54:18 cu-cs-vm avahi-daemon[793]: Network interface enumeration completed.
Jan 29 20:54:18 cu-cs-vm avahi-daemon[793]: Server startup complete. Host name is cu-cs-vm.local. Local service cookie is 1384769938.
Jan 29 20:54:18 cu-cs-vm dbus[798]: [system] Activating systemd to hand-off: service name='org.freedesktop.PolicyKit1' unit='polkitd.service'
Jan 29 20:54:18 cu-cs-vm dbus[798]: [system] Successfully activated service 'org.freedesktop.systemd1'
Jan 29 20:54:18 cu-cs-vm systemd[1]: Started Avahi mDNS/DNS-SD Stack.
Jan 29 20:54:18 cu-cs-vm whoopsie[735]: [20:54:18] Could not get the Network Manager state:
Jan 29 20:54:18 cu-cs-vm whoopsie[735]: [20:54:18] GDBus.Error:org.freedesktop.DBus.Error.ServiceUnknown: The name org.freedesktop.NetworkManager was not provided by any .service files
Jan 29 20:54:18 cu-cs-vm systemd[1]: Starting Network Manager...
Jan 29 20:54:18 cu-cs-vm systemd[1]: Starting vboxadd.service...
Jan 29 20:54:18 cu-cs-vm systemd[1]: Started uptime record daemon.
Jan 29 20:54:18 cu-cs-vm systemd[1]: Started CUPS Scheduler.
Jan 29 20:54:18 cu-cs-vm systemd[1]: Started Make remote CUPS printers available locally.
Jan 29 20:54:18 cu-cs-vm systemd[1]: Starting Initialize hardware monitoring sensors...
Jan 29 20:54:18 cu-cs-vm systemd[1]: Starting Accounts Service...
Jan 29 20:54:18 cu-cs-vm systemd[1]: Starting LSB: Set the CPU Frequency Scaling governor to "ondemand"...
Jan 29 20:54:18 cu-cs-vm systemd[1]: Starting Restore /etc/resolv.conf if the system crashed before the ppp link was shut down...
Jan 29 20:54:18 cu-cs-vm sensors[852]: No sensors found!
Jan 29 20:54:18 cu-cs-vm sensors[852]: Make sure you loaded all the kernel drivers you need.
Jan 29 20:54:18 cu-cs-vm sensors[852]: Try sensors-detect to find out which these are.
Jan 29 20:54:18 cu-cs-vm systemd[1]: Started Regular background program processing daemon.
Jan 29 20:54:18 cu-cs-vm cron[863]: (CRON) INFO (pidfile fd = 3)
Jan 29 20:54:18 cu-cs-vm systemd[1]: Starting Permit User Sessions...
Jan 29 20:54:18 cu-cs-vm cron[863]: (CRON) INFO (Running @reboot jobs)
Jan 29 20:54:18 cu-cs-vm systemd[1]: Started Snappy daemon.
Jan 29 20:54:18 cu-cs-vm NetworkManager[841]: <info>  [1485748458.5554] NetworkManager (version 1.2.2) is starting...
Jan 29 20:54:18 cu-cs-vm NetworkManager[841]: <info>  [1485748458.5562] Read config: /etc/NetworkManager/NetworkManager.conf (etc: default-wifi-powersave-on.conf)
Jan 29 20:54:18 cu-cs-vm systemd[1]: Starting Auto import assertions from block devices...
Jan 29 20:54:18 cu-cs-vm systemd[1]: Started System Logging Service.
Jan 29 20:54:18 cu-cs-vm vboxadd[843]: vboxadd.sh: Starting the VirtualBox Guest Additions.
Jan 29 20:54:18 cu-cs-vm NetworkManager[841]: <info>  [1485748458.5645] manager[0x23f41a0]: monitoring kernel firmware directory '/lib/firmware'.
Jan 29 20:54:18 cu-cs-vm NetworkManager[841]: <info>  [1485748458.5647] monitoring ifupdown state file '/run/network/ifstate'.
Jan 29 20:54:18 cu-cs-vm NetworkManager[841]: <info>  [1485748458.5723] dns-mgr[0x24150b0]: set resolv-conf-mode: dnsmasq, plugin="dnsmasq"
Jan 29 20:54:18 cu-cs-vm NetworkManager[841]: <info>  [1485748458.5727] dns-mgr[0x24150b0]: using resolv.conf manager 'resolvconf'
Jan 29 20:54:18 cu-cs-vm vboxadd.sh: Starting the VirtualBox Guest Additions.
Jan 29 20:54:18 cu-cs-vm dbus[798]: [system] Activating via systemd: service name='org.freedesktop.nm_dispatcher' unit='dbus-org.freedesktop.nm-dispatcher.service'
Jan 29 20:54:18 cu-cs-vm systemd[1]: Started Thermal Daemon Service.
Jan 29 20:54:18 cu-cs-vm snap[877]: auto-import is disabled on classic
Jan 29 20:54:18 cu-cs-vm systemd[1]: Started vboxadd-x11.service.
Jan 29 20:54:18 cu-cs-vm systemd[1]: Started Detect the available GPUs and deal with any system changes.
Jan 29 20:54:18 cu-cs-vm /usr/lib/snapd/snapd[872]: daemon.go:207: DEBUG: init done in 740.572s
Jan 29 20:54:18 cu-cs-vm systemd[1]: Started Restore /etc/resolv.conf if the system crashed before the ppp link was shut down.
Jan 29 20:54:18 cu-cs-vm sensors[899]: No sensors found!
Jan 29 20:54:18 cu-cs-vm sensors[899]: Make sure you loaded all the kernel drivers you need.
Jan 29 20:54:18 cu-cs-vm sensors[899]: Try sensors-detect to find out which these are.
Jan 29 20:54:18 cu-cs-vm systemd[1]: Started Permit User Sessions.
Jan 29 20:54:18 cu-cs-vm systemd[1]: Started Auto import assertions from block devices.
Jan 29 20:54:18 cu-cs-vm systemd[1]: Started Initialize hardware monitoring sensors.
Jan 29 20:54:18 cu-cs-vm kernel: [    4.318999] vboxsf: Successfully loaded version 5.1.12 (interface 0x00010004)
Jan 29 20:54:18 cu-cs-vm speech-dispatcher[745]:  * speech-dispatcher disabled; edit /etc/default/speech-dispatcher
Jan 29 20:54:18 cu-cs-vm systemd[1]: Started LSB: Speech Dispatcher.
Jan 29 20:54:18 cu-cs-vm apport[743]:  * Starting automatic crash report generation: apport
Jan 29 20:54:18 cu-cs-vm apport[743]:    ...done.
Jan 29 20:54:18 cu-cs-vm systemd[1]: Started LSB: Execute the kexec -e command to reboot system.
Jan 29 20:54:18 cu-cs-vm systemd[1]: Started LSB: automatic crash report generation.
Jan 29 20:54:18 cu-cs-vm systemd[1]: Started LSB: Record successful boot for GRUB.
Jan 29 20:54:18 cu-cs-vm irqbalance[784]:  * Starting SMP IRQ Balancer: irqbalance
Jan 29 20:54:18 cu-cs-vm irqbalance[784]:    ...done.
Jan 29 20:54:18 cu-cs-vm systemd[1]: Started LSB: daemon to balance interrupts for SMP systems.
Jan 29 20:54:18 cu-cs-vm vboxadd-x11.sh: Installing the Window System drivers.
Jan 29 20:54:18 cu-cs-vm systemd[1]: Started LSB: Set the CPU Frequency Scaling governor to "ondemand".
Jan 29 20:54:18 cu-cs-vm vboxadd-x11.sh: Installing X.Org Server 1.18 modules.
Jan 29 20:54:18 cu-cs-vm vboxadd-x11.sh: X.Org Server 1.18 modules installed.
Jan 29 20:54:18 cu-cs-vm vboxadd-x11.sh: Setting up the Window System to use the Guest Additions.
Jan 29 20:54:18 cu-cs-vm vboxadd-x11.sh: Window System set up to use the Guest Additions.
Jan 29 20:54:18 cu-cs-vm vboxadd[843]: You may need to restart the Window System (or just restart the guest system)
Jan 29 20:54:18 cu-cs-vm vboxadd[843]: to enable the Guest Additions.
Jan 29 20:54:18 cu-cs-vm vboxadd-x11.sh: Installing graphics libraries and desktop services components.
Jan 29 20:54:18 cu-cs-vm systemd[1]: Started Network Manager.
Jan 29 20:54:18 cu-cs-vm systemd[1]: Started Login Service.
Jan 29 20:54:18 cu-cs-vm systemd[1]: Started Raise network interfaces.
Jan 29 20:54:18 cu-cs-vm vboxadd-x11.sh: Window system drivers installed.
Jan 29 20:54:18 cu-cs-vm systemd[1]: Starting Network Manager Script Dispatcher Service...
Jan 29 20:54:18 cu-cs-vm systemd[1]: Reached target Network.
Jan 29 20:54:18 cu-cs-vm systemd[1]: Starting OpenBSD Secure Shell server...
Jan 29 20:54:18 cu-cs-vm systemd[1]: Starting Network Manager Wait Online...
Jan 29 20:54:18 cu-cs-vm systemd[1]: Starting Authenticate and Authorize Users to Run Privileged Tasks...
Jan 29 20:54:18 cu-cs-vm dbus[798]: [system] Successfully activated service 'org.freedesktop.nm_dispatcher'
Jan 29 20:54:18 cu-cs-vm NetworkManager[841]: <info>  [1485748458.7622] init!
Jan 29 20:54:18 cu-cs-vm NetworkManager[841]: <info>  [1485748458.7624] management mode: unmanaged
Jan 29 20:54:18 cu-cs-vm NetworkManager[841]: <info>  [1485748458.7627] devices added (path: /sys/devices/pci0000:00/0000:00:03.0/net/enp0s3, iface: enp0s3)
Jan 29 20:54:18 cu-cs-vm NetworkManager[841]: <info>  [1485748458.7627] device added (path: /sys/devices/pci0000:00/0000:00:03.0/net/enp0s3, iface: enp0s3): no ifupdown configuration found.
Jan 29 20:54:18 cu-cs-vm NetworkManager[841]: <info>  [1485748458.7627] devices added (path: /sys/devices/virtual/net/lo, iface: lo)
Jan 29 20:54:18 cu-cs-vm NetworkManager[841]: <info>  [1485748458.7627] device added (path: /sys/devices/virtual/net/lo, iface: lo): no ifupdown configuration found.
Jan 29 20:54:18 cu-cs-vm NetworkManager[841]: <info>  [1485748458.7627] end _init.
Jan 29 20:54:18 cu-cs-vm NetworkManager[841]: <info>  [1485748458.7628] settings: loaded plugin ifupdown: (C) 2008 Canonical Ltd.  To report bugs please use the NetworkManager mailing list. (/usr/lib/x86_64-linux-gnu/NetworkManager/libnm-settings-plugin-ifupdown.so)
Jan 29 20:54:18 cu-cs-vm NetworkManager[841]: <info>  [1485748458.7628] settings: loaded plugin keyfile: (c) 2007 - 2015 Red Hat, Inc.  To report bugs please use the NetworkManager mailing list.
Jan 29 20:54:18 cu-cs-vm systemd[1]: Starting LSB: Load kernel image with kexec...
Jan 29 20:54:18 cu-cs-vm NetworkManager[841]: <info>  [1485748458.7644] SettingsPlugin-Ofono: init!
Jan 29 20:54:18 cu-cs-vm NetworkManager[841]: <warn>  [1485748458.7645] SettingsPlugin-Ofono: file doesn't exist: /var/lib/ofono
Jan 29 20:54:18 cu-cs-vm dbus[798]: [system] Activating via systemd: service name='org.freedesktop.hostname1' unit='dbus-org.freedesktop.hostname1.service'
Jan 29 20:54:18 cu-cs-vm NetworkManager[841]: <info>  [1485748458.7645] SettingsPlugin-Ofono: end _init.
Jan 29 20:54:18 cu-cs-vm NetworkManager[841]: <info>  [1485748458.7645] settings: loaded plugin ofono: (C) 2013-2016 Canonical Ltd.  To report bugs please use the NetworkManager mailing list. (/usr/lib/x86_64-linux-gnu/NetworkManager/libnm-settings-plugin-ofono.so)
Jan 29 20:54:18 cu-cs-vm NetworkManager[841]: <info>  [1485748458.7645] (37827168) ... get_connections.
Jan 29 20:54:18 cu-cs-vm NetworkManager[841]: <info>  [1485748458.7645] (37827168) ... get_connections (managed=false): return empty list.
Jan 29 20:54:18 cu-cs-vm NetworkManager[841]: <info>  [1485748458.7646] SettingsPlugin-Ofono: (37827328) ... get_connections.
Jan 29 20:54:18 cu-cs-vm NetworkManager[841]: <info>  [1485748458.7646] SettingsPlugin-Ofono: (37827328) connections count: 0
Jan 29 20:54:18 cu-cs-vm NetworkManager[841]: <info>  [1485748458.7646] get unmanaged devices count: 0
Jan 29 20:54:18 cu-cs-vm systemd[1]: Reached target Sound Card.
Jan 29 20:54:18 cu-cs-vm systemd[1]: Starting Light Display Manager...
Jan 29 20:54:18 cu-cs-vm polkitd[1032]: started daemon version 0.105 using authority implementation `local' version `0.105'
Jan 29 20:54:18 cu-cs-vm dbus[798]: [system] Successfully activated service 'org.freedesktop.PolicyKit1'
Jan 29 20:54:18 cu-cs-vm systemd[1]: Started OpenBSD Secure Shell server.
Jan 29 20:54:18 cu-cs-vm accounts-daemon[853]: started daemon version 0.6.40
Jan 29 20:54:18 cu-cs-vm systemd[1]: Started Network Manager Script Dispatcher Service.
Jan 29 20:54:18 cu-cs-vm systemd[1]: Started Authenticate and Authorize Users to Run Privileged Tasks.
Jan 29 20:54:18 cu-cs-vm systemd[1]: Started LSB: Load kernel image with kexec.
Jan 29 20:54:18 cu-cs-vm systemd[1]: Started Accounts Service.
Jan 29 20:54:18 cu-cs-vm systemd[1]: Started Modem Manager.
Jan 29 20:54:18 cu-cs-vm systemd[1]: Starting Hostname Service...
Jan 29 20:54:18 cu-cs-vm systemd[1]: Started Light Display Manager.
Jan 29 20:54:18 cu-cs-vm dbus[798]: [system] Successfully activated service 'org.freedesktop.hostname1'
Jan 29 20:54:18 cu-cs-vm systemd[1]: Started Hostname Service.
Jan 29 20:54:18 cu-cs-vm NetworkManager[841]: <info>  [1485748458.9256] settings: hostname: using hostnamed
Jan 29 20:54:18 cu-cs-vm NetworkManager[841]: <info>  [1485748458.9256] settings: hostname changed from (none) to "cu-cs-vm"
Jan 29 20:54:18 cu-cs-vm nm-dispatcher: req:1 'hostname': new request (1 scripts)
Jan 29 20:54:18 cu-cs-vm nm-dispatcher: req:1 'hostname': start running ordered scripts...
Jan 29 20:54:18 cu-cs-vm NetworkManager[841]: <info>  [1485748458.9270] Using DHCP client 'dhclient'
Jan 29 20:54:18 cu-cs-vm NetworkManager[841]: <info>  [1485748458.9271] manager: WiFi enabled by radio killswitch; enabled by state file
Jan 29 20:54:18 cu-cs-vm NetworkManager[841]: <info>  [1485748458.9271] manager: WWAN enabled by radio killswitch; enabled by state file
Jan 29 20:54:18 cu-cs-vm NetworkManager[841]: <info>  [1485748458.9271] manager: Networking is enabled by state file
Jan 29 20:54:18 cu-cs-vm NetworkManager[841]: <info>  [1485748458.9272] Loaded device plugin: NMVxlanFactory (internal)
Jan 29 20:54:18 cu-cs-vm NetworkManager[841]: <info>  [1485748458.9272] Loaded device plugin: NMVlanFactory (internal)
Jan 29 20:54:18 cu-cs-vm NetworkManager[841]: <info>  [1485748458.9272] Loaded device plugin: NMVethFactory (internal)
Jan 29 20:54:18 cu-cs-vm NetworkManager[841]: <info>  [1485748458.9272] Loaded device plugin: NMTunFactory (internal)
Jan 29 20:54:18 cu-cs-vm NetworkManager[841]: <info>  [1485748458.9272] Loaded device plugin: NMMacvlanFactory (internal)
Jan 29 20:54:18 cu-cs-vm NetworkManager[841]: <info>  [1485748458.9272] Loaded device plugin: NMIPTunnelFactory (internal)
Jan 29 20:54:18 cu-cs-vm NetworkManager[841]: <info>  [1485748458.9272] Loaded device plugin: NMInfinibandFactory (internal)
Jan 29 20:54:18 cu-cs-vm NetworkManager[841]: <info>  [1485748458.9272] Loaded device plugin: NMEthernetFactory (internal)
Jan 29 20:54:18 cu-cs-vm NetworkManager[841]: <info>  [1485748458.9273] Loaded device plugin: NMBridgeFactory (internal)
Jan 29 20:54:18 cu-cs-vm NetworkManager[841]: <info>  [1485748458.9273] Loaded device plugin: NMBondFactory (internal)
Jan 29 20:54:18 cu-cs-vm NetworkManager[841]: <info>  [1485748458.9324] Loaded device plugin: NMWwanFactory (/usr/lib/x86_64-linux-gnu/NetworkManager/libnm-device-plugin-wwan.so)
Jan 29 20:54:18 cu-cs-vm NetworkManager[841]: <info>  [1485748458.9343] Loaded device plugin: NMAtmManager (/usr/lib/x86_64-linux-gnu/NetworkManager/libnm-device-plugin-adsl.so)
Jan 29 20:54:18 cu-cs-vm NetworkManager[841]: <info>  [1485748458.9358] Loaded device plugin: NMWifiFactory (/usr/lib/x86_64-linux-gnu/NetworkManager/libnm-device-plugin-wifi.so)
Jan 29 20:54:18 cu-cs-vm NetworkManager[841]: <info>  [1485748458.9385] Loaded device plugin: NMBluezManager (/usr/lib/x86_64-linux-gnu/NetworkManager/libnm-device-plugin-bluetooth.so)
Jan 29 20:54:18 cu-cs-vm NetworkManager[841]: <info>  [1485748458.9405] manager: (enp0s3): new Ethernet device (/org/freedesktop/NetworkManager/Devices/0)
Jan 29 20:54:18 cu-cs-vm NetworkManager[841]: <info>  [1485748458.9418] keyfile: add connection in-memory (08965e7b-902d-32ec-9d64-f38d8715f0ab,"Wired connection 1")
Jan 29 20:54:18 cu-cs-vm NetworkManager[841]: <info>  [1485748458.9428] settings: (enp0s3): created default wired connection 'Wired connection 1'
Jan 29 20:54:18 cu-cs-vm NetworkManager[841]: <info>  [1485748458.9439] device (enp0s3): state change: unmanaged -> unavailable (reason 'managed') [10 20 2]
Jan 29 20:54:18 cu-cs-vm kernel: [    4.645221] IPv6: ADDRCONF(NETDEV_UP): enp0s3: link is not ready
Jan 29 20:54:18 cu-cs-vm NetworkManager[841]: <info>  [1485748458.9467] device (enp0s3): link connected
Jan 29 20:54:18 cu-cs-vm kernel: [    4.647130] IPv6: ADDRCONF(NETDEV_UP): enp0s3: link is not ready
Jan 29 20:54:18 cu-cs-vm kernel: [    4.647338] e1000: enp0s3 NIC Link is Up 1000 Mbps Full Duplex, Flow Control: RX
Jan 29 20:54:18 cu-cs-vm kernel: [    4.647692] IPv6: ADDRCONF(NETDEV_CHANGE): enp0s3: link becomes ready
Jan 29 20:54:18 cu-cs-vm NetworkManager[841]: nm_device_get_device_type: assertion 'NM_IS_DEVICE (self)' failed
Jan 29 20:54:18 cu-cs-vm NetworkManager[841]: <info>  [1485748458.9484] device (lo): link connected
Jan 29 20:54:18 cu-cs-vm NetworkManager[841]: <info>  [1485748458.9498] manager: (lo): new Generic device (/org/freedesktop/NetworkManager/Devices/1)
Jan 29 20:54:18 cu-cs-vm vboxadd.sh: .
Jan 29 20:54:18 cu-cs-vm systemd[1]: Started vboxadd.service.
Jan 29 20:54:18 cu-cs-vm NetworkManager[841]: <info>  [1485748458.9588] urfkill disappeared from the bus
Jan 29 20:54:18 cu-cs-vm NetworkManager[841]: <info>  [1485748458.9675] ofono is now available
Jan 29 20:54:18 cu-cs-vm NetworkManager[841]: <info>  [1485748458.9676] ModemManager available in the bus
Jan 29 20:54:18 cu-cs-vm NetworkManager[841]: <info>  [1485748458.9687] device (enp0s3): state change: unavailable -> disconnected (reason 'none') [20 30 0]
Jan 29 20:54:18 cu-cs-vm systemd[1]: Starting vboxadd-service.service...
Jan 29 20:54:18 cu-cs-vm vboxadd-service[1068]: vboxadd-service.sh: Starting VirtualBox Guest Addition service.
Jan 29 20:54:18 cu-cs-vm vboxadd-service.sh: Starting VirtualBox Guest Addition service.
Jan 29 20:54:18 cu-cs-vm NetworkManager[841]: <warn>  [1485748458.9832] failed to enumerate oFono devices: GDBus.Error:org.freedesktop.DBus.Error.ServiceUnknown: The name org.ofono was not provided by any .service files
Jan 29 20:54:18 cu-cs-vm NetworkManager[841]: <info>  [1485748458.9862] policy: auto-activating connection 'Wired connection 1'
Jan 29 20:54:18 cu-cs-vm NetworkManager[841]: <info>  [1485748458.9910] device (enp0s3): Activation: starting connection 'Wired connection 1' (08965e7b-902d-32ec-9d64-f38d8715f0ab)
Jan 29 20:54:18 cu-cs-vm NetworkManager[841]: <info>  [1485748458.9918] device (enp0s3): state change: disconnected -> prepare (reason 'none') [30 40 0]
Jan 29 20:54:18 cu-cs-vm NetworkManager[841]: <info>  [1485748458.9922] manager: NetworkManager state is now CONNECTING
Jan 29 20:54:18 cu-cs-vm NetworkManager[841]: <info>  [1485748458.9952] device (enp0s3): state change: prepare -> config (reason 'none') [40 50 0]
Jan 29 20:54:18 cu-cs-vm whoopsie[735]: [20:54:18] offline
Jan 29 20:54:18 cu-cs-vm NetworkManager[841]: <info>  [1485748458.9993] device (enp0s3): state change: config -> ip-config (reason 'none') [50 70 0]
Jan 29 20:54:19 cu-cs-vm NetworkManager[841]: <info>  [1485748459.0043] dhcp4 (enp0s3): activation: beginning transaction (timeout in 45 seconds)
Jan 29 20:54:19 cu-cs-vm kernel: [    4.705105] VBoxService 5.1.12 r112440 (verbosity: 0) linux.amd64 (Dec 20 2016 16:42:39) release log
Jan 29 20:54:19 cu-cs-vm kernel: [    4.705105] 00:00:00.000120 main     Log opened 2017-01-30T03:54:19.004059000Z
Jan 29 20:54:19 cu-cs-vm kernel: [    4.705153] 00:00:00.000281 main     OS Product: Linux
Jan 29 20:54:19 cu-cs-vm kernel: [    4.705177] 00:00:00.000307 main     OS Release: 4.4.35DylanKernel
Jan 29 20:54:19 cu-cs-vm kernel: [    4.705197] 00:00:00.000330 main     OS Version: #2 SMP Tue Jan 24 20:18:19 MST 2017
Jan 29 20:54:19 cu-cs-vm kernel: [    4.705254] 00:00:00.000350 main     Executable: /opt/VBoxGuestAdditions-5.1.12/sbin/VBoxService
Jan 29 20:54:19 cu-cs-vm kernel: [    4.705254] 00:00:00.000351 main     Process ID: 1077
Jan 29 20:54:19 cu-cs-vm kernel: [    4.705254] 00:00:00.000351 main     Package type: LINUX_64BITS_GENERIC
Jan 29 20:54:19 cu-cs-vm vboxadd-service.sh: VirtualBox Guest Addition service started.
Jan 29 20:54:19 cu-cs-vm systemd[1]: Started vboxadd-service.service.
Jan 29 20:54:19 cu-cs-vm kernel: [    4.707081] 00:00:00.002185 main     5.1.12 r112440 started. Verbose level = 0
Jan 29 20:54:19 cu-cs-vm NetworkManager[841]: <info>  [1485748459.0191] dhcp4 (enp0s3): dhclient started with pid 1090
Jan 29 20:54:19 cu-cs-vm dhclient[1090]: DHCPREQUEST of 10.0.2.15 on enp0s3 to 255.255.255.255 port 67 (xid=0x3d411d94)
Jan 29 20:54:19 cu-cs-vm dhclient[1090]: DHCPACK of 10.0.2.15 from 10.0.2.2
Jan 29 20:54:19 cu-cs-vm NetworkManager[841]: <info>  [1485748459.0762]   address 10.0.2.15
Jan 29 20:54:19 cu-cs-vm NetworkManager[841]: <info>  [1485748459.0762]   plen 24 (255.255.255.0)
Jan 29 20:54:19 cu-cs-vm NetworkManager[841]: <info>  [1485748459.0762]   gateway 10.0.2.2
Jan 29 20:54:19 cu-cs-vm NetworkManager[841]: <info>  [1485748459.0762]   server identifier 10.0.2.2
Jan 29 20:54:19 cu-cs-vm NetworkManager[841]: <info>  [1485748459.0763]   lease time 86400
Jan 29 20:54:19 cu-cs-vm NetworkManager[841]: <info>  [1485748459.0763]   nameserver '128.138.129.76'
Jan 29 20:54:19 cu-cs-vm avahi-daemon[793]: Joining mDNS multicast group on interface enp0s3.IPv4 with address 10.0.2.15.
Jan 29 20:54:19 cu-cs-vm NetworkManager[841]: <info>  [1485748459.0763]   nameserver '128.138.240.1'
Jan 29 20:54:19 cu-cs-vm NetworkManager[841]: <info>  [1485748459.0763]   nameserver '128.138.130.30'
Jan 29 20:54:19 cu-cs-vm NetworkManager[841]: <info>  [1485748459.0763]   domain name 'int.colorado.edu'
Jan 29 20:54:19 cu-cs-vm NetworkManager[841]: <info>  [1485748459.0763] dhcp4 (enp0s3): state changed unknown -> bound
Jan 29 20:54:19 cu-cs-vm avahi-daemon[793]: New relevant interface enp0s3.IPv4 for mDNS.
Jan 29 20:54:19 cu-cs-vm avahi-daemon[793]: Registering new address record for 10.0.2.15 on enp0s3.IPv4.
Jan 29 20:54:19 cu-cs-vm NetworkManager[841]: <info>  [1485748459.0782] device (enp0s3): state change: ip-config -> ip-check (reason 'none') [70 80 0]
Jan 29 20:54:19 cu-cs-vm NetworkManager[841]: <info>  [1485748459.0786] device (enp0s3): state change: ip-check -> secondaries (reason 'none') [80 90 0]
Jan 29 20:54:19 cu-cs-vm NetworkManager[841]: <info>  [1485748459.0788] device (enp0s3): state change: secondaries -> activated (reason 'none') [90 100 0]
Jan 29 20:54:19 cu-cs-vm NetworkManager[841]: <info>  [1485748459.0789] manager: NetworkManager state is now CONNECTED_LOCAL
Jan 29 20:54:19 cu-cs-vm whoopsie[735]: [20:54:19] Cannot reach: https://daisy.ubuntu.com
Jan 29 20:54:19 cu-cs-vm NetworkManager[841]: <info>  [1485748459.0906] manager: NetworkManager state is now CONNECTED_GLOBAL
Jan 29 20:54:19 cu-cs-vm NetworkManager[841]: <info>  [1485748459.0907] policy: set 'Wired connection 1' (enp0s3) as default for IPv4 routing and DNS
Jan 29 20:54:19 cu-cs-vm NetworkManager[841]: <info>  [1485748459.0923] dns-plugin[0x2414040]: starting dnsmasq...
Jan 29 20:54:19 cu-cs-vm dhclient[1090]: bound to 10.0.2.15 -- renewal in 32637 seconds.
Jan 29 20:54:19 cu-cs-vm NetworkManager[841]: <info>  [1485748459.1113] dns-mgr: Writing DNS information to /sbin/resolvconf
Jan 29 20:54:19 cu-cs-vm dnsmasq[1108]: started, version 2.75 cache disabled
Jan 29 20:54:19 cu-cs-vm dnsmasq[1108]: compile time options: IPv6 GNU-getopt DBus i18n IDN DHCP DHCPv6 no-Lua TFTP conntrack ipset auth DNSSEC loop-detect inotify
Jan 29 20:54:19 cu-cs-vm dnsmasq[1108]: DBus support enabled: connected to system bus
Jan 29 20:54:19 cu-cs-vm dnsmasq[1108]: warning: no upstream servers configured
Jan 29 20:54:19 cu-cs-vm systemd[1]: Created slice User Slice of user.
Jan 29 20:54:19 cu-cs-vm NetworkManager[841]: <info>  [1485748459.1812] device (enp0s3): Activation: successful, device activated.
Jan 29 20:54:19 cu-cs-vm NetworkManager[841]: <info>  [1485748459.1867] dnsmasq[0x2414040]: dnsmasq appeared as :1.19
Jan 29 20:54:19 cu-cs-vm whoopsie[735]: [20:54:19] The default IPv4 route is: /org/freedesktop/NetworkManager/ActiveConnection/0
Jan 29 20:54:19 cu-cs-vm whoopsie[735]: [20:54:19] Not a paid data plan: /org/freedesktop/NetworkManager/ActiveConnection/0
Jan 29 20:54:19 cu-cs-vm whoopsie[735]: [20:54:19] Found usable connection: /org/freedesktop/NetworkManager/ActiveConnection/0
Jan 29 20:54:19 cu-cs-vm whoopsie[735]: [20:54:19] online
Jan 29 20:54:19 cu-cs-vm nm-dispatcher: req:2 'up' [enp0s3]: new request (1 scripts)
Jan 29 20:54:19 cu-cs-vm nm-dispatcher: req:2 'up' [enp0s3]: start running ordered scripts...
Jan 29 20:54:19 cu-cs-vm dnsmasq[1108]: setting upstream servers from DBus
Jan 29 20:54:19 cu-cs-vm dnsmasq[1108]: using nameserver 128.138.129.76#53
Jan 29 20:54:19 cu-cs-vm dnsmasq[1108]: using nameserver 128.138.240.1#53
Jan 29 20:54:19 cu-cs-vm dnsmasq[1108]: using nameserver 128.138.130.30#53
Jan 29 20:54:19 cu-cs-vm systemd[1]: Starting User Manager for UID 1000...
Jan 29 20:54:19 cu-cs-vm systemd[1]: Started Session c1 of user user.
Jan 29 20:54:19 cu-cs-vm systemd[1176]: Reached target Sockets.
Jan 29 20:54:19 cu-cs-vm systemd[1176]: Reached target Timers.
Jan 29 20:54:19 cu-cs-vm systemd[1176]: Reached target Paths.
Jan 29 20:54:19 cu-cs-vm systemd[1176]: Reached target Basic System.
Jan 29 20:54:19 cu-cs-vm systemd[1176]: Reached target Default.
Jan 29 20:54:19 cu-cs-vm systemd[1176]: Startup finished in 15ms.
Jan 29 20:54:19 cu-cs-vm systemd[1]: Started User Manager for UID 1000.
Jan 29 20:54:19 cu-cs-vm systemd[1]: Reloading OpenBSD Secure Shell server.
Jan 29 20:54:19 cu-cs-vm systemd[1]: Reloaded OpenBSD Secure Shell server.
Jan 29 20:54:19 cu-cs-vm systemd[1]: Reloading OpenBSD Secure Shell server.
Jan 29 20:54:19 cu-cs-vm systemd[1]: Reloaded OpenBSD Secure Shell server.
Jan 29 20:54:20 cu-cs-vm kernel: [    6.463015] random: nonblocking pool is initialized
Jan 29 20:54:20 cu-cs-vm dbus[798]: [system] Activating via systemd: service name='org.freedesktop.RealtimeKit1' unit='rtkit-daemon.service'
Jan 29 20:54:20 cu-cs-vm dbus[798]: [system] Activating via systemd: service name='org.freedesktop.UPower' unit='upower.service'
Jan 29 20:54:20 cu-cs-vm systemd[1]: Starting RealtimeKit Scheduling Policy Service...
Jan 29 20:54:20 cu-cs-vm systemd[1]: Starting Daemon for power management...
Jan 29 20:54:20 cu-cs-vm dbus[798]: [system] Successfully activated service 'org.freedesktop.RealtimeKit1'
Jan 29 20:54:20 cu-cs-vm systemd[1]: Started RealtimeKit Scheduling Policy Service.
Jan 29 20:54:20 cu-cs-vm rtkit-daemon[1562]: Successfully called chroot.
Jan 29 20:54:20 cu-cs-vm rtkit-daemon[1562]: Successfully dropped privileges.
Jan 29 20:54:20 cu-cs-vm rtkit-daemon[1562]: Successfully limited resources.
Jan 29 20:54:20 cu-cs-vm rtkit-daemon[1562]: Running.
Jan 29 20:54:20 cu-cs-vm rtkit-daemon[1562]: Canary thread running.
Jan 29 20:54:20 cu-cs-vm rtkit-daemon[1562]: Watchdog thread running.
Jan 29 20:54:20 cu-cs-vm avahi-daemon[793]: Joining mDNS multicast group on interface enp0s3.IPv6 with address fe80::7800:6cf9:a42b:3bfd.
Jan 29 20:54:20 cu-cs-vm avahi-daemon[793]: New relevant interface enp0s3.IPv6 for mDNS.
Jan 29 20:54:20 cu-cs-vm avahi-daemon[793]: Registering new address record for fe80::7800:6cf9:a42b:3bfd on enp0s3.*.
Jan 29 20:54:20 cu-cs-vm dbus[798]: [system] Successfully activated service 'org.freedesktop.UPower'
Jan 29 20:54:20 cu-cs-vm systemd[1]: Started Daemon for power management.
Jan 29 20:54:20 cu-cs-vm rtkit-daemon[1562]: Successfully made thread 1561 of process 1561 (n/a) owned by '1000' high priority at nice level -11.
Jan 29 20:54:20 cu-cs-vm rtkit-daemon[1562]: Supervising 1 threads of 1 processes of 1 users.
Jan 29 20:54:20 cu-cs-vm pulseaudio[1561]: [pulseaudio] alsa-util.c: Disabling timer-based scheduling because running inside a VM.
Jan 29 20:54:20 cu-cs-vm pulseaudio[1561]: [pulseaudio] sink.c: Default and alternate sample rates are the same.
Jan 29 20:54:20 cu-cs-vm rtkit-daemon[1562]: Supervising 1 threads of 1 processes of 1 users.
Jan 29 20:54:20 cu-cs-vm rtkit-daemon[1562]: Successfully made thread 1594 of process 1561 (n/a) owned by '1000' RT at priority 5.
Jan 29 20:54:20 cu-cs-vm rtkit-daemon[1562]: Supervising 2 threads of 1 processes of 1 users.
Jan 29 20:54:21 cu-cs-vm pulseaudio[1561]: [pulseaudio] alsa-util.c: Disabling timer-based scheduling because running inside a VM.
Jan 29 20:54:21 cu-cs-vm pulseaudio[1561]: [alsa-sink-Intel ICH] alsa-sink.c: ALSA woke us up to write new data to the device, but there was actually nothing to write.
Jan 29 20:54:21 cu-cs-vm pulseaudio[1561]: [alsa-sink-Intel ICH] alsa-sink.c: Most likely this is a bug in the ALSA driver 'snd_intel8x0'. Please report this issue to the ALSA developers.
Jan 29 20:54:21 cu-cs-vm pulseaudio[1561]: [alsa-sink-Intel ICH] alsa-sink.c: We were woken up with POLLOUT set -- however a subsequent snd_pcm_avail() returned 0 or another value < min_avail.
Jan 29 20:54:21 cu-cs-vm rtkit-daemon[1562]: Supervising 2 threads of 1 processes of 1 users.
Jan 29 20:54:21 cu-cs-vm rtkit-daemon[1562]: Successfully made thread 1603 of process 1561 (n/a) owned by '1000' RT at priority 5.
Jan 29 20:54:21 cu-cs-vm rtkit-daemon[1562]: Supervising 3 threads of 1 processes of 1 users.
Jan 29 20:54:21 cu-cs-vm pulseaudio[1561]: [alsa-source-Intel ICH] alsa-source.c: ALSA woke us up to read new data from the device, but there was actually nothing to read.
Jan 29 20:54:21 cu-cs-vm pulseaudio[1561]: [alsa-source-Intel ICH] alsa-source.c: Most likely this is a bug in the ALSA driver 'snd_intel8x0'. Please report this issue to the ALSA developers.
Jan 29 20:54:21 cu-cs-vm pulseaudio[1561]: [alsa-source-Intel ICH] alsa-source.c: We were woken up with POLLIN set -- however a subsequent snd_pcm_avail() returned 0 or another value < min_avail.
Jan 29 20:54:21 cu-cs-vm rtkit-daemon[1562]: Successfully made thread 1623 of process 1623 (n/a) owned by '1000' high priority at nice level -11.
Jan 29 20:54:21 cu-cs-vm rtkit-daemon[1562]: Supervising 4 threads of 2 processes of 1 users.
Jan 29 20:54:21 cu-cs-vm pulseaudio[1623]: [pulseaudio] pid.c: Daemon already running.
Jan 29 20:54:21 cu-cs-vm org.a11y.Bus[1414]: ** (process:1585): WARNING **: Failed to register client: GDBus.Error:org.freedesktop.DBus.Error.ServiceUnknown: The name org.gnome.SessionManager was not provided by any .service files
Jan 29 20:54:21 cu-cs-vm org.a11y.Bus[1414]: Activating service name='org.a11y.atspi.Registry'
Jan 29 20:54:21 cu-cs-vm org.a11y.Bus[1414]: Successfully activated service 'org.a11y.atspi.Registry'
Jan 29 20:54:21 cu-cs-vm org.a11y.atspi.Registry[1612]: SpiRegistry daemon is running with well-known name - org.a11y.atspi.Registry
Jan 29 20:54:21 cu-cs-vm ModemManager[757]: <info>  Couldn't find support for device at '/sys/devices/pci0000:00/0000:00:03.0': not supported by any plugin
Jan 29 20:54:21 cu-cs-vm dbus[798]: [system] Activating via systemd: service name='org.freedesktop.UDisks2' unit='udisks2.service'
Jan 29 20:54:21 cu-cs-vm systemd[1]: Starting Disk Manager...
Jan 29 20:54:21 cu-cs-vm udisksd[1800]: udisks daemon version 2.1.7 starting
Jan 29 20:54:22 cu-cs-vm dbus[798]: [system] Successfully activated service 'org.freedesktop.UDisks2'
Jan 29 20:54:22 cu-cs-vm systemd[1]: Started Disk Manager.
Jan 29 20:54:22 cu-cs-vm udisksd[1800]: Acquired the name org.freedesktop.UDisks2 on the system message bus
Jan 29 20:54:22 cu-cs-vm dbus[798]: [system] Activating via systemd: service name='org.bluez' unit='dbus-org.bluez.service'
Jan 29 20:54:22 cu-cs-vm org.gtk.vfs.AfcVolumeMonitor[1414]: Volume monitor alive
Jan 29 20:54:23 cu-cs-vm systemd[1]: Started Daemon for generating UUIDs.
Jan 29 20:54:24 cu-cs-vm NetworkManager[841]: <info>  [1485748464.5495] manager: startup complete
Jan 29 20:54:24 cu-cs-vm systemd[1]: Started Network Manager Wait Online.
Jan 29 20:54:24 cu-cs-vm systemd[1]: Reached target Network is Online.
Jan 29 20:54:24 cu-cs-vm systemd[1]: Starting LSB: disk temperature monitoring daemon...
Jan 29 20:54:24 cu-cs-vm systemd[1]: Starting /etc/rc.local Compatibility...
Jan 29 20:54:24 cu-cs-vm systemd[1]: Started /etc/rc.local Compatibility.
Jan 29 20:54:24 cu-cs-vm systemd[1]: Starting Hold until boot process finishes up...
Jan 29 20:54:24 cu-cs-vm systemd[1]: Started Hold until boot process finishes up.
Jan 29 20:54:24 cu-cs-vm systemd[1]: Starting Set console scheme...
Jan 29 20:54:24 cu-cs-vm systemd[1]: Started Getty on tty1.
Jan 29 20:54:24 cu-cs-vm systemd[1]: Reached target Login Prompts.
Jan 29 20:54:24 cu-cs-vm systemd[1]: Started Set console scheme.
Jan 29 20:54:24 cu-cs-vm systemd[1]: Started LSB: disk temperature monitoring daemon.
Jan 29 20:54:24 cu-cs-vm systemd[1]: Reached target Multi-User System.
Jan 29 20:54:24 cu-cs-vm systemd[1]: Reached target Graphical Interface.
Jan 29 20:54:24 cu-cs-vm systemd[1]: Starting Update UTMP about System Runlevel Changes...
Jan 29 20:54:24 cu-cs-vm systemd[1]: Started Update UTMP about System Runlevel Changes.
Jan 29 20:54:24 cu-cs-vm systemd[1]: Startup finished in 2.783s (kernel) + 7.285s (userspace) = 10.068s.
Jan 29 20:54:28 cu-cs-vm NetworkManager[841]: <info>  [1485748468.5496] WiFi hardware radio set enabled
Jan 29 20:54:28 cu-cs-vm NetworkManager[841]: <info>  [1485748468.5497] WWAN hardware radio set enabled
Jan 29 20:54:47 cu-cs-vm obexd[2038]: OBEX daemon 5.37
Jan 29 20:54:47 cu-cs-vm dbus[798]: [system] Activating service name='org.blueman.Mechanism' (using servicehelper)
Jan 29 20:54:47 cu-cs-vm dbus[798]: [system] Activating via systemd: service name='org.bluez' unit='dbus-org.bluez.service'
Jan 29 20:54:47 cu-cs-vm org.blueman.Mechanism[798]: Failed to connect to Mir: Failed to connect to server socket: No such file or directory
Jan 29 20:54:47 cu-cs-vm org.blueman.Mechanism[798]: Unable to init server: Could not connect: Connection refused
Jan 29 20:54:47 cu-cs-vm org.blueman.Mechanism[798]: Failed to connect to Mir: Failed to connect to server socket: No such file or directory
Jan 29 20:54:47 cu-cs-vm org.blueman.Mechanism[798]: Unable to init server: Could not connect: Connection refused
Jan 29 20:54:47 cu-cs-vm blueman-mechanism: Starting blueman-mechanism
Jan 29 20:54:47 cu-cs-vm dbus[798]: [system] Successfully activated service 'org.blueman.Mechanism'
Jan 29 20:54:47 cu-cs-vm org.blueman.Mechanism[798]: (blueman-mechanism:2040): Gtk-CRITICAL **: gtk_icon_theme_get_for_screen: assertion 'GDK_IS_SCREEN (screen)' failed
Jan 29 20:54:47 cu-cs-vm blueman-mechanism: loading Network
Jan 29 20:54:47 cu-cs-vm blueman-mechanism: loading Ppp
Jan 29 20:54:47 cu-cs-vm blueman-mechanism: loading Rfcomm
Jan 29 20:54:47 cu-cs-vm blueman-mechanism: loading RfKill
Jan 29 20:55:17 cu-cs-vm blueman-mechanism: Exiting
Jan 29 20:56:50 cu-cs-vm kernel: [  156.412387] hello world
Jan 29 20:56:50 cu-cs-vm kernel: [  156.412450] show_signal_msg: 36 callbacks suppressed
Jan 29 20:56:50 cu-cs-vm kernel: [  156.412454] test[2086]: segfault at 147 ip 00007f78a264bbd3 sp 00007fff7e982fd8 error 4 in libc-2.23.so[7f78a25b6000+1bf000]
Jan 29 20:58:09 cu-cs-vm kernel: [  235.069750] hello world
Jan 29 20:58:09 cu-cs-vm kernel: [  235.069808] test[2096]: segfault at 147 ip 00007fa10a65cbd3 sp 00007ffe0529b8a8 error 4 in libc-2.23.so[7fa10a5c7000+1bf000]
Jan 29 20:58:32 cu-cs-vm kernel: [  257.789371] hello world
Jan 29 21:01:00 cu-cs-vm kernel: [  406.175219] hello world
Jan 29 21:01:30 cu-cs-vm kernel: [  435.840469] hello world
Jan 29 21:04:18 cu-cs-vm uptimed: moving up to position 7: 0 days, 00:10:04
Jan 29 21:09:18 cu-cs-vm systemd[1]: Starting Cleanup of Temporary Directories...
Jan 29 21:09:18 cu-cs-vm systemd-tmpfiles[2144]: [/usr/lib/tmpfiles.d/var.conf:14] Duplicate line for path "/var/log", ignoring.
Jan 29 21:09:18 cu-cs-vm systemd[1]: Started Cleanup of Temporary Directories.
Jan 29 21:09:44 cu-cs-vm kernel: [  930.139278] hello world
Jan 29 21:10:45 cu-cs-vm kernel: [  990.948256] hello world
Jan 29 21:14:18 cu-cs-vm uptimed: moving up to position 4: 0 days, 00:20:04
Jan 29 21:14:18 cu-cs-vm systemd[1]: snapd.refresh.timer: Adding 2h 1min 41.964298s random time.
